Component: ARM Compiler 5.05 update 1 (build 106) Tool: armlink [4d0efa]

==============================================================================

Section Cross References

    main.o(i.main) refers to systemwork.o(i.reset_system) for reset_system
    main.o(i.main) refers to systemwork.o(i.system_task) for system_task
    delay.o(i.delay_init) refers to delay.o(.data) for fac_us
    delay.o(i.delay_ms) refers to bsp.o(i.feedwwdg) for feedwwdg
    delay.o(i.delay_ms) refers to delay.o(.data) for fac_ms
    delay.o(i.delay_us) refers to bsp.o(i.feedwwdg) for feedwwdg
    delay.o(i.delay_us) refers to delay.o(.data) for fac_us
    delay.o(i.mydelayms) refers to bsp.o(i.feedwwdg) for feedwwdg
    delay.o(i.mydelayus) refers to bsp.o(i.feedwwdg) for feedwwdg
    systemwork.o(i.Charge_Test) refers to delay.o(i.delay_ms) for delay_ms
    systemwork.o(i.Charge_Test) refers to systemwork.o(.data) for chargeFlag
    systemwork.o(i.LED_pulse) refers to systemwork.o(.data) for ledPulse
    systemwork.o(i.PowerOn_Test) refers to stm32f0xx_rtc.o(i.RTC_ReadBackupRegister) for RTC_ReadBackupRegister
    systemwork.o(i.PowerOn_Test) refers to stm32f0xx_rtc.o(i.RTC_WriteBackupRegister) for RTC_WriteBackupRegister
    systemwork.o(i.PowerOn_Test) refers to bsp.o(i.GPIO_Configuration) for GPIO_Configuration
    systemwork.o(i.PowerOn_Test) refers to stm32f0xx_gpio.o(i.GPIO_WriteBit) for GPIO_WriteBit
    systemwork.o(i.PowerOn_Test) refers to bsp.o(i.ADC_Configer) for ADC_Configer
    systemwork.o(i.PowerOn_Test) refers to bsp.o(i.Key_Configer) for Key_Configer
    systemwork.o(i.PowerOn_Test) refers to bsp.o(i.Uart1_Configer) for Uart1_Configer
    systemwork.o(i.PowerOn_Test) refers to cw2015_i2c.o(i.cw_alert_config) for cw_alert_config
    systemwork.o(i.PowerOn_Test) refers to cw2015_i2c.o(i.cw_mode_set) for cw_mode_set
    systemwork.o(i.PowerOn_Test) refers to bsp.o(i.Timer_Configer) for Timer_Configer
    systemwork.o(i.PowerOn_Test) refers to buzzerpwm.o(i.onelongbuzze) for onelongbuzze
    systemwork.o(i.PowerOn_Test) refers to systemwork.o(i.Reset_Init) for Reset_Init
    systemwork.o(i.PowerOn_Test) refers to systemwork.o(.data) for instState
    systemwork.o(i.Reset_Init) refers to stm32f0xx_gpio.o(i.GPIO_WriteBit) for GPIO_WriteBit
    systemwork.o(i.Reset_Init) refers to stm32f0xx_tim.o(i.TIM_Cmd) for TIM_Cmd
    systemwork.o(i.Reset_Init) refers to systemwork.o(.data) for redLedDisp
    systemwork.o(i.charge_vol) refers to cw2015_i2c.o(i.cell_soc_read) for cell_soc_read
    systemwork.o(i.charge_vol) refers to cw2015_i2c.o(i.cell_vol_read) for cell_vol_read
    systemwork.o(i.charge_vol) refers to systemwork.o(.data) for cellState
    systemwork.o(i.duck_detect) refers to delay.o(i.delay_ms) for delay_ms
    systemwork.o(i.duck_detect) refers to systemwork.o(.data) for duckState
    systemwork.o(i.get_cell_state) refers to cw2015_i2c.o(i.cell_vol_read) for cell_vol_read
    systemwork.o(i.get_cell_state) refers to cw2015_i2c.o(i.cell_soc_read) for cell_soc_read
    systemwork.o(i.get_cell_state) refers to cmd.o(i.send_status) for send_status
    systemwork.o(i.get_cell_state) refers to buzzerpwm.o(i.threebuzzeorange) for threebuzzeorange
    systemwork.o(i.get_cell_state) refers to systemwork.o(i.led_off) for led_off
    systemwork.o(i.get_cell_state) refers to systemwork.o(.data) for cellState
    systemwork.o(i.key_open_system) refers to bsp.o(i.RCC_Configer) for RCC_Configer
    systemwork.o(i.key_open_system) refers to delay.o(i.delay_init) for delay_init
    systemwork.o(i.key_open_system) refers to bsp.o(i.Timer_Configer) for Timer_Configer
    systemwork.o(i.key_task) refers to systemwork.o(i.__ARM_common_switch8) for __ARM_common_switch8
    systemwork.o(i.key_task) refers to buzzerpwm.o(i.twoshortbuzze) for twoshortbuzze
    systemwork.o(i.key_task) refers to systemwork.o(i.led_off) for led_off
    systemwork.o(i.key_task) refers to systemwork.o(i.LED_pulse) for LED_pulse
    systemwork.o(i.key_task) refers to stm32f0xx_gpio.o(i.GPIO_WriteBit) for GPIO_WriteBit
    systemwork.o(i.key_task) refers to cmd.o(i.send_key_value) for send_key_value
    systemwork.o(i.key_task) refers to systemwork.o(.data) for keyHandleInfor
    systemwork.o(i.led_manage) refers to systemwork.o(.data) for chargeFlag
    systemwork.o(i.led_manage) refers to systemwork.o(.bss) for selfInfor
    systemwork.o(i.led_off) refers to stm32f0xx_gpio.o(i.GPIO_WriteBit) for GPIO_WriteBit
    systemwork.o(i.led_off) refers to systemwork.o(.data) for redLedDisp
    systemwork.o(i.lightOn) refers to stm32f0xx_gpio.o(i.GPIO_WriteBit) for GPIO_WriteBit
    systemwork.o(i.power_monitor) refers to adc.o(i.getadcvalue) for getadcvalue
    systemwork.o(i.power_monitor) refers to systemwork.o(.bss) for selfInfor
    systemwork.o(i.pre_charge_init) refers to stm32f0xx_misc.o(i.NVIC_Init) for NVIC_Init
    systemwork.o(i.pre_charge_init) refers to stm32f0xx_rcc.o(i.RCC_AHBPeriphClockCmd) for RCC_AHBPeriphClockCmd
[...]
    Removing stm32f0xx_usart.o(i.USART_ClockStructInit), (12 bytes).
    Removing stm32f0xx_usart.o(i.USART_DECmd), (28 bytes).
    Removing stm32f0xx_usart.o(i.USART_DEPolarityConfig), (18 bytes).
    Removing stm32f0xx_usart.o(i.USART_DMACmd), (20 bytes).
    Removing stm32f0xx_usart.o(i.USART_DMAReceptionErrorConfig), (18 bytes).
    Removing stm32f0xx_usart.o(i.USART_DataInvCmd), (28 bytes).
    Removing stm32f0xx_usart.o(i.USART_DeInit), (64 bytes).
    Removing stm32f0xx_usart.o(i.USART_DirectionModeCmd), (20 bytes).
    Removing stm32f0xx_usart.o(i.USART_HalfDuplexCmd), (24 bytes).
    Removing stm32f0xx_usart.o(i.USART_InvPinCmd), (20 bytes).
    Removing stm32f0xx_usart.o(i.USART_IrDACmd), (24 bytes).
    Removing stm32f0xx_usart.o(i.USART_IrDAConfig), (16 bytes).
    Removing stm32f0xx_usart.o(i.USART_LINBreakDetectLengthConfig), (16 bytes).
    Removing stm32f0xx_usart.o(i.USART_LINCmd), (28 bytes).
    Removing stm32f0xx_usart.o(i.USART_MSBFirstCmd), (28 bytes).
    Removing stm32f0xx_usart.o(i.USART_MuteModeCmd), (28 bytes).
    Removing stm32f0xx_usart.o(i.USART_MuteModeWakeUpConfig), (18 bytes).
    Removing stm32f0xx_usart.o(i.USART_OneBitMethodCmd), (28 bytes).
    Removing stm32f0xx_usart.o(i.USART_OverSampling8Cmd), (28 bytes).
    Removing stm32f0xx_usart.o(i.USART_ReceiverTimeOutCmd), (28 bytes).
    Removing stm32f0xx_usart.o(i.USART_RequestCmd), (20 bytes).
    Removing stm32f0xx_usart.o(i.USART_STOPModeCmd), (24 bytes).
    Removing stm32f0xx_usart.o(i.USART_SWAPPinCmd), (28 bytes).
    Removing stm32f0xx_usart.o(i.USART_SetAddress), (18 bytes).
    Removing stm32f0xx_usart.o(i.USART_SetAutoRetryCount), (20 bytes).
    Removing stm32f0xx_usart.o(i.USART_SetBlockLength), (18 bytes).
    Removing stm32f0xx_usart.o(i.USART_SetDEAssertionTime), (20 bytes).
    Removing stm32f0xx_usart.o(i.USART_SetDEDeassertionTime), (20 bytes).
    Removing stm32f0xx_usart.o(i.USART_SetGuardTime), (16 bytes).
    Removing stm32f0xx_usart.o(i.USART_SetPrescaler), (18 bytes).
    Removing stm32f0xx_usart.o(i.USART_SetReceiverTimeOut), (16 bytes).
    Removing stm32f0xx_usart.o(i.USART_SmartCardCmd), (24 bytes).
    Removing stm32f0xx_usart.o(i.USART_SmartCardNACKCmd), (24 bytes).
    Removing stm32f0xx_usart.o(i.USART_StopModeWakeUpSourceConfig), (18 bytes).
    Removing stm32f0xx_usart.o(i.USART_StructInit), (24 bytes).
    Removing stm32f0xx_wwdg.o(.rev16_text), (4 bytes).
    Removing stm32f0xx_wwdg.o(.revsh_text), (4 bytes).
    Removing stm32f0xx_wwdg.o(i.WWDG_ClearFlag), (12 bytes).
    Removing stm32f0xx_wwdg.o(i.WWDG_Enable), (16 bytes).
    Removing stm32f0xx_wwdg.o(i.WWDG_EnableIT), (20 bytes).
    Removing stm32f0xx_wwdg.o(i.WWDG_GetFlagStatus), (24 bytes).
    Removing stm32f0xx_wwdg.o(i.WWDG_SetCounter), (16 bytes).
    Removing stm32f0xx_wwdg.o(i.WWDG_SetPrescaler), (32 bytes).
    Removing stm32f0xx_wwdg.o(i.WWDG_SetWindowValue), (40 bytes).
    Removing system_stm32f0xx.o(.rev16_text), (4 bytes).
    Removing system_stm32f0xx.o(.revsh_text), (4 bytes).
    Removing system_stm32f0xx.o(i.SystemCoreClockUpdate), (176 bytes).
    Removing system_stm32f0xx.o(.data), (20 bytes).
    Removing startup_stm32f0xx.o(HEAP), (512 bytes).
    Removing adc.o(.rev16_text), (4 bytes).
    Removing adc.o(.revsh_text), (4 bytes).
    Removing adc.o(i.buffer_avg), (38 bytes).
    Removing adc.o(i.getadcvalue), (140 bytes).
    Removing atconfig.o(.rev16_text), (4 bytes).
    Removing atconfig.o(.revsh_text), (4 bytes).
    Removing atconfig.o(i.AtLib_ResponseHandle), (92 bytes).
    Removing atconfig.o(i.At_Close_IPhead), (44 bytes).
    Removing atconfig.o(i.At_Cmd_Init), (74 bytes).
    Removing atconfig.o(i.At_FlushCmdBuffer), (16 bytes).
    Removing atconfig.o(i.At_FlushRxBuffer), (28 bytes).
    Removing atconfig.o(i.At_RecieveDataProcess), (336 bytes).
    Removing atconfig.o(i.At_Register_System), (44 bytes).
    Removing atconfig.o(i.At_Set_Echo), (56 bytes).
    Removing atconfig.o(i.At_checkEOFMessage), (108 bytes).
    Removing atconfig.o(i.Check_Wireless_Rreceive), (260 bytes).
    Removing atconfig.o(i.Connect_Mode_Set), (44 bytes).
    Removing atconfig.o(i.Connect_Sever_IP), (68 bytes).
    Removing atconfig.o(i.Disconnect_GC65Cmd), (12 bytes).
    Removing atconfig.o(i.Enable_GPRS_System), (36 bytes).
    Removing atconfig.o(i.GCwireCont_Check), (172 bytes).
    Removing atconfig.o(i.GCwire_CmdSend), (188 bytes).
    Removing atconfig.o(i.GPRS_Close_Connect), (40 bytes).
    Removing atconfig.o(i.GPRS_Connect_Set), (48 bytes).
    Removing atconfig.o(i.Get_DataLen_Receive), (240 bytes).
    Removing atconfig.o(i.Get_Echo_Receive), (30 bytes).
    Removing atconfig.o(i.Get_Register_Receive), (60 bytes).
    Removing atconfig.o(i.Get_SignalCheck_Receive), (112 bytes).
    Removing atconfig.o(i.Rtc_Read), (64 bytes).
    Removing atconfig.o(i.Set_DataLen_ToWire), (64 bytes).
    Removing atconfig.o(i.Signal_Strength_Check), (56 bytes).
    Removing atconfig.o(i.TCP_Close_Connect), (40 bytes).
    Removing atconfig.o(i.at_commandsend), (44 bytes).
    Removing atconfig.o(.bss), (64 bytes).
    Removing atconfig.o(.data), (24 bytes).
    Removing bsp.o(.rev16_text), (4 bytes).
    Removing bsp.o(.revsh_text), (4 bytes).
    Removing bsp.o(i.GCopenpin_Configer), (110 bytes).
    Removing bsp.o(i.RTC_WakeUp_Configer), (112 bytes).
    Removing bsp.o(i.ResetMode_Test), (44 bytes).
    Removing bsp.o(i.Uart1gpio_Normal), (32 bytes).
    Removing bsp.o(i.Uart2_Configer), (168 bytes).
    Removing bsp.o(i.Uart2gpio_Normal), (30 bytes).
    Removing bsp.o(i.WWDG_NVIC_Init), (22 bytes).
    Removing bsp.o(i.wwdg_init), (2 bytes).
    Removing bsp.o(.data), (3 bytes).
    Removing buzzerpwm.o(.rev16_text), (4 bytes).
    Removing buzzerpwm.o(.revsh_text), (4 bytes).
    Removing buzzerpwm.o(i.threelongbuzze), (56 bytes).
    Removing cw2015_i2c.o(.rev16_text), (4 bytes).
    Removing cw2015_i2c.o(.revsh_text), (4 bytes).
    Removing cw2015_i2c.o(i.cell_rrt_read), (22 bytes).
    Removing flash.o(.rev16_text), (4 bytes).
    Removing flash.o(.revsh_text), (4 bytes).
    Removing flash.o(i.ReadDataFromFlash), (204 bytes).
    Removing flash.o(i.SaveDataToFlash), (184 bytes).
    Removing flash.o(i.firmwareprogram), (72 bytes).
    Removing flash.o(i.setIAPflag), (60 bytes).
    Removing flash.o(.data), (1 bytes).
    Removing i2c.o(.rev16_text), (4 bytes).
    Removing i2c.o(.revsh_text), (4 bytes).
    Removing i2c.o(i.I2C_Ack), (56 bytes).
    Removing interrupt.o(.rev16_text), (4 bytes).
    Removing interrupt.o(.revsh_text), (4 bytes).
    Removing uart.o(.rev16_text), (4 bytes).
    Removing uart.o(.revsh_text), (4 bytes).
    Removing uart.o(i.Flush1recbuf), (36 bytes).
    Removing uart.o(i.Flush2recbuf), (36 bytes).
    Removing uart.o(i.GetUart2RxData), (72 bytes).
    Removing uart.o(i.NRF_Uart1Transfer), (24 bytes).
    Removing uart.o(i.NRF_Uart2Transfer), (24 bytes).
    Removing dadd.o(.text), (356 bytes).
    Removing dmul.o(.text), (208 bytes).
    Removing ddiv.o(.text), (240 bytes).
    Removing dfixul.o(.text), (64 bytes).
    Removing cdrcmple.o(.text), (40 bytes).
    Removing depilogue.o(.text), (190 bytes).
    Removing depilogue.o(i.__ARM_clz), (46 bytes).

571 unused section(s) (total 20578 bytes) removed from the image.

==============================================================================

Image Symbol Table

    Local Symbols

    Symbol Name                              Value     Ov Type        Size  Object(Section)

    ../clib/microlib/division.c              0x00000000   Number         0  uldiv.o ABSOLUTE
    ../clib/microlib/division.c              0x00000000   Number         0  idiv.o ABSOLUTE
    ../clib/microlib/division.c              0x00000000   Number         0  uidiv.o ABSOLUTE
    ../clib/microlib/init/entry.s            0x00000000   Number         0  entry10a.o ABSOLUTE
    ../clib/microlib/init/entry.s            0x00000000   Number         0  entry9b.o ABSOLUTE
    ../clib/microlib/init/entry.s            0x00000000   Number         0  entry5.o ABSOLUTE
    ../clib/microlib/init/entry.s            0x00000000   Number         0  entry9a.o ABSOLUTE
    ../clib/microlib/init/entry.s            0x00000000   Number         0  entry7b.o ABSOLUTE
    ../clib/microlib/init/entry.s            0x00000000   Number         0  entry7a.o ABSOLUTE
    ../clib/microlib/init/entry.s            0x00000000   Number         0  entry8b.o ABSOLUTE
    ../clib/microlib/init/entry.s            0x00000000   Number         0  entry11b.o ABSOLUTE
    ../clib/microlib/init/entry.s            0x00000000   Number         0  entry8a.o ABSOLUTE
    ../clib/microlib/init/entry.s            0x00000000   Number         0  entry2.o ABSOLUTE
    ../clib/microlib/init/entry.s            0x00000000   Number         0  entry.o ABSOLUTE
    ../clib/microlib/init/entry.s            0x00000000   Number         0  entry11a.o ABSOLUTE
    ../clib/microlib/init/entry.s            0x00000000   Number         0  entry10b.o ABSOLUTE
    ../clib/microlib/longlong.c              0x00000000   Number         0  llsshr.o ABSOLUTE
    ../clib/microlib/longlong.c              0x00000000   Number         0  llshl.o ABSOLUTE
    ../clib/microlib/longlong.c              0x00000000   Number         0  llushr.o ABSOLUTE
    ../clib/microlib/printf/printf.c         0x00000000   Number         0  printf8.o ABSOLUTE
    ../clib/microlib/printf/printf.c         0x00000000   Number         0  printf7.o ABSOLUTE
    ../clib/microlib/printf/printf.c         0x00000000   Number         0  printf1.o ABSOLUTE
    ../clib/microlib/printf/printf.c         0x00000000   Number         0  printf5.o ABSOLUTE
    ../clib/microlib/printf/printf.c         0x00000000   Number         0  printf4.o ABSOLUTE
    ../clib/microlib/printf/printf.c         0x00000000   Number         0  printf3.o ABSOLUTE
    ../clib/microlib/printf/printf.c         0x00000000   Number         0  printf2.o ABSOLUTE
    ../clib/microlib/printf/printf.c         0x00000000   Number         0  printf0.o ABSOLUTE
    ../clib/microlib/printf/printf.c         0x00000000   Number         0  printfb.o ABSOLUTE
    ../clib/microlib/printf/printf.c         0x00000000   Number         0  printf6.o ABSOLUTE
    ../clib/microlib/printf/printf.c         0x00000000   Number         0  printfa.o ABSOLUTE
    ../clib/microlib/printf/stubs.s          0x00000000   Number         0  stubs.o ABSOLUTE
    ../clib/microlib/stdio/fputc.c           0x00000000   Number         0  fputc.o ABSOLUTE
    ../clib/microlib/stdio/semi.s            0x00000000   Number         0  semi.o ABSOLUTE
    ../clib/microlib/stdio/streams.c         0x00000000   Number         0  stdout.o ABSOLUTE
    ../clib/microlib/string/memset.c         0x00000000   Number         0  memseta.o ABSOLUTE
    ../clib/microlib/string/strlen.c         0x00000000   Number         0  strlen.o ABSOLUTE
    ../clib/microlib/string/strstr.c         0x00000000   Number         0  strstr.o ABSOLUTE
    ../clib/microlib/stubs.s                 0x00000000   Number         0  iusefp.o ABSOLUTE
    ../clib/microlib/stubs.s                 0x00000000   Number         0  iusesemip.o ABSOLUTE
    ../fplib/microlib/fpadd.c                0x00000000   Number         0  dadd.o ABSOLUTE
    ../fplib/microlib/fpdiv.c                0x00000000   Number         0  ddiv.o ABSOLUTE
    ../fplib/microlib/fpepilogue.c           0x00000000   Number         0  depilogue.o ABSOLUTE
    ../fplib/microlib/fpfix.c                0x00000000   Number         0  dfixul.o ABSOLUTE
    ../fplib/microlib/fpmul.c                0x00000000   Number         0  dmul.o ABSOLUTE
    ..\Driver\src\adc.c                      0x00000000   Number         0  adc.o ABSOLUTE
    ..\Driver\src\atconfig.c                 0x00000000   Number         0  atconfig.o ABSOLUTE
    ..\Driver\src\bsp.c                      0x00000000   Number         0  bsp.o ABSOLUTE
    ..\Driver\src\buzzerpwm.c                0x00000000   Number         0  buzzerpwm.o ABSOLUTE
    ..\Driver\src\cw2015_i2c.c               0x00000000   Number         0  cw2015_i2c.o ABSOLUTE
    ..\Driver\src\flash.c                    0x00000000   Number         0  flash.o ABSOLUTE
    ..\Driver\src\i2c.c                      0x00000000   Number         0  i2c.o ABSOLUTE
    ..\Driver\src\interrupt.c                0x00000000   Number         0  interrupt.o ABSOLUTE
    ..\Driver\src\uart.c                     0x00000000   Number         0  uart.o ABSOLUTE
    ..\ST_Lib\src\stm32f0xx_adc.c            0x00000000   Number         0  stm32f0xx_adc.o ABSOLUTE
    ..\ST_Lib\src\stm32f0xx_cec.c            0x00000000   Number         0  stm32f0xx_cec.o ABSOLUTE
    ..\ST_Lib\src\stm32f0xx_comp.c           0x00000000   Number         0  stm32f0xx_comp.o ABSOLUTE
    ..\ST_Lib\src\stm32f0xx_crc.c            0x00000000   Number         0  stm32f0xx_crc.o ABSOLUTE
    ..\ST_Lib\src\stm32f0xx_dac.c            0x00000000   Number         0  stm32f0xx_dac.o ABSOLUTE
    ..\ST_Lib\src\stm32f0xx_dbgmcu.c         0x00000000   Number         0  stm32f0xx_dbgmcu.o ABSOLUTE
    ..\ST_Lib\src\stm32f0xx_dma.c            0x00000000   Number         0  stm32f0xx_dma.o ABSOLUTE
    ..\ST_Lib\src\stm32f0xx_exti.c           0x00000000   Number         0  stm32f0xx_exti.o ABSOLUTE
    ..\ST_Lib\src\stm32f0xx_flash.c          0x00000000   Number         0  stm32f0xx_flash.o ABSOLUTE
    ..\ST_Lib\src\stm32f0xx_gpio.c           0x00000000   Number         0  stm32f0xx_gpio.o ABSOLUTE
    ..\ST_Lib\src\stm32f0xx_i2c.c            0x00000000   Number         0  stm32f0xx_i2c.o ABSOLUTE
    ..\ST_Lib\src\stm32f0xx_iwdg.c           0x00000000   Number         0  stm32f0xx_iwdg.o ABSOLUTE
    ..\ST_Lib\src\stm32f0xx_misc.c           0x00000000   Number         0  stm32f0xx_misc.o ABSOLUTE
    ..\ST_Lib\src\stm32f0xx_pwr.c            0x00000000   Number         0  stm32f0xx_pwr.o ABSOLUTE
    ..\ST_Lib\src\stm32f0xx_rcc.c            0x00000000   Number         0  stm32f0xx_rcc.o ABSOLUTE
    ..\ST_Lib\src\stm32f0xx_rtc.c            0x00000000   Number         0  stm32f0xx_rtc.o ABSOLUTE
    ..\ST_Lib\src\stm32f0xx_spi.c            0x00000000   Number         0  stm32f0xx_spi.o ABSOLUTE
    ..\ST_Lib\src\stm32f0xx_syscfg.c         0x00000000   Number         0  stm32f0xx_syscfg.o ABSOLUTE
    ..\ST_Lib\src\stm32f0xx_tim.c            0x00000000   Number         0  stm32f0xx_tim.o ABSOLUTE
    ..\ST_Lib\src\stm32f0xx_usart.c          0x00000000   Number         0  stm32f0xx_usart.o ABSOLUTE
    ..\ST_Lib\src\stm32f0xx_wwdg.c           0x00000000   Number         0  stm32f0xx_wwdg.o ABSOLUTE
    ..\System\CMSIS\system_stm32f0xx.c       0x00000000   Number         0  system_stm32f0xx.o ABSOLUTE
    ..\System\startup\startup_stm32f0xx.s    0x00000000   Number         0  startup_stm32f0xx.o ABSOLUTE
    ..\User\src\cmd.c                        0x00000000   Number         0  cmd.o ABSOLUTE
    ..\User\src\delay.c                      0x00000000   Number         0  delay.o ABSOLUTE
    ..\User\src\main.c                       0x00000000   Number         0  main.o ABSOLUTE
    ..\User\src\memory.c                     0x00000000   Number         0  memory.o ABSOLUTE
    ..\User\src\msg.c                        0x00000000   Number         0  msg.o ABSOLUTE
    ..\User\src\sys_info.c                   0x00000000   Number         0  sys_info.o ABSOLUTE
    ..\User\src\systemwork.c                 0x00000000   Number         0  systemwork.o ABSOLUTE
    ..\\Driver\\src\\adc.c                   0x00000000   Number         0  adc.o ABSOLUTE
    ..\\Driver\\src\\atconfig.c              0x00000000   Number         0  atconfig.o ABSOLUTE
    ..\\Driver\\src\\bsp.c                   0x00000000   Number         0  bsp.o ABSOLUTE
    ..\\Driver\\src\\buzzerpwm.c             0x00000000   Number         0  buzzerpwm.o ABSOLUTE
    ..\\Driver\\src\\cw2015_i2c.c            0x00000000   Number         0  cw2015_i2c.o ABSOLUTE
    ..\\Driver\\src\\flash.c                 0x00000000   Number         0  flash.o ABSOLUTE
    ..\\Driver\\src\\i2c.c                   0x00000000   Number         0  i2c.o ABSOLUTE
    ..\\Driver\\src\\interrupt.c             0x00000000   Number         0  interrupt.o ABSOLUTE
    ..\\Driver\\src\\uart.c                  0x00000000   Number         0  uart.o ABSOLUTE
    ..\\ST_Lib\\src\\stm32f0xx_adc.c         0x00000000   Number         0  stm32f0xx_adc.o ABSOLUTE
    ..\\ST_Lib\\src\\stm32f0xx_cec.c         0x00000000   Number         0  stm32f0xx_cec.o ABSOLUTE
    ..\\ST_Lib\\src\\stm32f0xx_comp.c        0x00000000   Number         0  stm32f0xx_comp.o ABSOLUTE
    ..\\ST_Lib\\src\\stm32f0xx_crc.c         0x00000000   Number         0  stm32f0xx_crc.o ABSOLUTE
    ..\\ST_Lib\\src\\stm32f0xx_dac.c         0x00000000   Number         0  stm32f0xx_dac.o ABSOLUTE
    ..\\ST_Lib\\src\\stm32f0xx_dbgmcu.c      0x00000000   Number         0  stm32f0xx_dbgmcu.o ABSOLUTE
    ..\\ST_Lib\\src\\stm32f0xx_dma.c         0x00000000   Number         0  stm32f0xx_dma.o ABSOLUTE
    ..\\ST_Lib\\src\\stm32f0xx_exti.c        0x00000000   Number         0  stm32f0xx_exti.o ABSOLUTE
    ..\\ST_Lib\\src\\stm32f0xx_flash.c       0x00000000   Number         0  stm32f0xx_flash.o ABSOLUTE
    ..\\ST_Lib\\src\\stm32f0xx_gpio.c        0x00000000   Number         0  stm32f0xx_gpio.o ABSOLUTE
    ..\\ST_Lib\\src\\stm32f0xx_i2c.c         0x00000000   Number         0  stm32f0xx_i2c.o ABSOLUTE
    ..\\ST_Lib\\src\\stm32f0xx_iwdg.c        0x00000000   Number         0  stm32f0xx_iwdg.o ABSOLUTE
    ..\\ST_Lib\\src\\stm32f0xx_misc.c        0x00000000   Number         0  stm32f0xx_misc.o ABSOLUTE
    ..\\ST_Lib\\src\\stm32f0xx_pwr.c         0x00000000   Number         0  stm32f0xx_pwr.o ABSOLUTE
    ..\\ST_Lib\\src\\stm32f0xx_rcc.c         0x00000000   Number         0  stm32f0xx_rcc.o ABSOLUTE
    ..\\ST_Lib\\src\\stm32f0xx_rtc.c         0x00000000   Number         0  stm32f0xx_rtc.o ABSOLUTE
    ..\\ST_Lib\\src\\stm32f0xx_spi.c         0x00000000   Number         0  stm32f0xx_spi.o ABSOLUTE
    ..\\ST_Lib\\src\\stm32f0xx_syscfg.c      0x00000000   Number         0  stm32f0xx_syscfg.o ABSOLUTE
    ..\\ST_Lib\\src\\stm32f0xx_tim.c         0x00000000   Number         0  stm32f0xx_tim.o ABSOLUTE
    ..\\ST_Lib\\src\\stm32f0xx_usart.c       0x00000000   Number         0  stm32f0xx_usart.o ABSOLUTE
    ..\\ST_Lib\\src\\stm32f0xx_wwdg.c        0x00000000   Number         0  stm32f0xx_wwdg.o ABSOLUTE
    ..\\System\\CMSIS\\system_stm32f0xx.c    0x00000000   Number         0  system_stm32f0xx.o ABSOLUTE
    ..\\User\\src\\cmd.c                     0x00000000   Number         0  cmd.o ABSOLUTE
    ..\\User\\src\\delay.c                   0x00000000   Number         0  delay.o ABSOLUTE
    ..\\User\\src\\main.c                    0x00000000   Number         0  main.o ABSOLUTE
    ..\\User\\src\\memory.c                  0x00000000   Number         0  memory.o ABSOLUTE
    ..\\User\\src\\msg.c                     0x00000000   Number         0  msg.o ABSOLUTE
    ..\\User\\src\\sys_info.c                0x00000000   Number         0  sys_info.o ABSOLUTE
    ..\\User\\src\\systemwork.c              0x00000000   Number         0  systemwork.o ABSOLUTE
    cdrcmple.s                               0x00000000   Number         0  cdrcmple.o ABSOLUTE
    dc.s                                     0x00000000   Number         0  dc.o ABSOLUTE
    handlers.s                               0x00000000   Number         0  handlers.o ABSOLUTE
    init.s                                   0x00000000   Number         0  init.o ABSOLUTE
    RESET                                    0x08000000   Section      192  startup_stm32f0xx.o(RESET)
    .ARM.Collect$$$$00000000                 0x080000c0   Section        0  entry.o(.ARM.Collect$$$$00000000)
    .ARM.Collect$$$$00000001                 0x080000c0   Section        4  entry2.o(.ARM.Collect$$$$00000001)
    .ARM.Collect$$$$00000004                 0x080000c4   Section        4  entry5.o(.ARM.Collect$$$$00000004)
    .ARM.Collect$$$$00000008                 0x080000c8   Section        0  entry7b.o(.ARM.Collect$$$$00000008)
    .ARM.Collect$$$$0000000A                 0x080000c8   Section        0  entry8b.o(.ARM.Collect$$$$0000000A)
    .ARM.Collect$$$$0000000B                 0x080000c8   Section        8  entry9a.o(.ARM.Collect$$$$0000000B)
    .ARM.Collect$$$$0000000D                 0x080000d0   Section        0  entry10a.o(.ARM.Collect$$$$0000000D)
    .ARM.Collect$$$$0000000F                 0x080000d0   Section        0  entry11a.o(.ARM.Collect$$$$0000000F)
    .ARM.Collect$$$$00002712                 0x080000d0   Section        4  entry2.o(.ARM.Collect$$$$00002712)
    __lit__00000000                          0x080000d0   Data           4  entry2.o(.ARM.Collect$$$$00002712)
    .text                                    0x080000d4   Section       28  startup_stm32f0xx.o(.text)
    .text                                    0x080000f0   Section        0  uidiv.o(.text)
    .text                                    0x0800011c   Section       36  init.o(.text)
    i.ADC_Cmd                                0x08000140   Section        0  stm32f0xx_adc.o(i.ADC_Cmd)
    i.ADC_Configer                           0x08000158   Section        0  bsp.o(i.ADC_Configer)
    i.ADC_GetCalibrationFactor               0x0800019c   Section        0  stm32f0xx_adc.o(i.ADC_GetCalibrationFactor)
    i.ADC_Init                               0x080001d8   Section        0  stm32f0xx_adc.o(i.ADC_Init)
    i.ADC_StructInit                         0x08000204   Section        0  stm32f0xx_adc.o(i.ADC_StructInit)
    i.Charge_Test                            0x08000214   Section        0  systemwork.o(i.Charge_Test)
    i.EXTI0_1_IRQHandler                     0x08000264   Section        0  interrupt.o(i.EXTI0_1_IRQHandler)
    i.EXTI4_15_IRQHandler                    0x080002e4   Section        0  interrupt.o(i.EXTI4_15_IRQHandler)
    i.EXTI_ClearFlag                         0x080004a8   Section        0  stm32f0xx_exti.o(i.EXTI_ClearFlag)
    i.EXTI_ClearITPendingBit                 0x080004b4   Section        0  stm32f0xx_exti.o(i.EXTI_ClearITPendingBit)
    i.EXTI_DeInit                            0x080004c0   Section        0  stm32f0xx_exti.o(i.EXTI_DeInit)
    i.EXTI_GetITStatus                       0x080004e0   Section        0  stm32f0xx_exti.o(i.EXTI_GetITStatus)
    i.EXTI_Init                              0x08000508   Section        0  stm32f0xx_exti.o(i.EXTI_Init)
    i.FLASH_PrefetchBufferCmd                0x08000590   Section        0  stm32f0xx_flash.o(i.FLASH_PrefetchBufferCmd)
    i.FLASH_SetLatency                       0x080005b4   Section        0  stm32f0xx_flash.o(i.FLASH_SetLatency)
    i.GPIO_Configuration                     0x080005d0   Section        0  bsp.o(i.GPIO_Configuration)
    i.GPIO_Init                              0x0800078c   Section        0  stm32f0xx_gpio.o(i.GPIO_Init)
    i.GPIO_PinAFConfig                       0x0800081c   Section        0  stm32f0xx_gpio.o(i.GPIO_PinAFConfig)
    i.GPIO_ResetBits                         0x08000860   Section        0  stm32f0xx_gpio.o(i.GPIO_ResetBits)
    i.GPIO_SetBits                           0x08000864   Section        0  stm32f0xx_gpio.o(i.GPIO_SetBits)
    i.GPIO_WriteBit                          0x08000868   Section        0  stm32f0xx_gpio.o(i.GPIO_WriteBit)
    i.GetUart1RxData                         0x08000874   Section        0  uart.o(i.GetUart1RxData)
    i.I2C_ByteRead                           0x080008bc   Section        0  cw2015_i2c.o(i.I2C_ByteRead)
    i.I2C_ByteWrite                          0x080008f8   Section        0  cw2015_i2c.o(i.I2C_ByteWrite)
    i.I2C_CheckAck                           0x08000928   Section        0  i2c.o(i.I2C_CheckAck)
    i.I2C_Delay                              0x08000970   Section        0  i2c.o(i.I2C_Delay)
    i.I2C_NoAck                              0x0800097c   Section        0  i2c.o(i.I2C_NoAck)
    i.I2C_RecvByte                           0x080009b4   Section        0  i2c.o(i.I2C_RecvByte)
    i.I2C_SendByte                           0x08000a14   Section        0  i2c.o(i.I2C_SendByte)
    i.I2C_Start                              0x08000a7c   Section        0  i2c.o(i.I2C_Start)
    i.I2C_Stop                               0x08000adc   Section        0  i2c.o(i.I2C_Stop)
    i.Key_Configer                           0x08000b14   Section        0  bsp.o(i.Key_Configer)
    i.LED_pulse                              0x08000cf8   Section        0  systemwork.o(i.LED_pulse)
    i.Lowpower_Configer                      0x08000d4c   Section        0  bsp.o(i.Lowpower_Configer)
    i.NVIC_Init                              0x08000e18   Section        0  stm32f0xx_misc.o(i.NVIC_Init)
    i.PWR_BackupAccessCmd                    0x08000e88   Section        0  stm32f0xx_pwr.o(i.PWR_BackupAccessCmd)
    i.PWR_EnterSTOPMode                      0x08000eb0   Section        0  stm32f0xx_pwr.o(i.PWR_EnterSTOPMode)
    i.PowerOn_Test                           0x08000ef4   Section        0  systemwork.o(i.PowerOn_Test)
    i.RCC_ADCCLKConfig                       0x08000f68   Section        0  stm32f0xx_rcc.o(i.RCC_ADCCLKConfig)
    i.RCC_AHBPeriphClockCmd                  0x08000fa0   Section        0  stm32f0xx_rcc.o(i.RCC_AHBPeriphClockCmd)
    i.RCC_APB1PeriphClockCmd                 0x08000fc0   Section        0  stm32f0xx_rcc.o(i.RCC_APB1PeriphClockCmd)
    i.RCC_APB1PeriphResetCmd                 0x08000fe0   Section        0  stm32f0xx_rcc.o(i.RCC_APB1PeriphResetCmd)
    i.RCC_APB2PeriphClockCmd                 0x08001000   Section        0  stm32f0xx_rcc.o(i.RCC_APB2PeriphClockCmd)
    i.RCC_APB2PeriphResetCmd                 0x08001020   Section        0  stm32f0xx_rcc.o(i.RCC_APB2PeriphResetCmd)
    i.RCC_Configer                           0x08001040   Section        0  bsp.o(i.RCC_Configer)
    i.RCC_DeInit                             0x08001084   Section        0  stm32f0xx_rcc.o(i.RCC_DeInit)
    i.RCC_GetClocksFreq                      0x080010f8   Section        0  stm32f0xx_rcc.o(i.RCC_GetClocksFreq)
    i.RCC_GetFlagStatus                      0x08001264   Section        0  stm32f0xx_rcc.o(i.RCC_GetFlagStatus)
    i.RCC_HCLKConfig                         0x080012ac   Section        0  stm32f0xx_rcc.o(i.RCC_HCLKConfig)
    i.RCC_HSICmd                             0x080012cc   Section        0  stm32f0xx_rcc.o(i.RCC_HSICmd)
    i.RCC_LSICmd                             0x080012f0   Section        0  stm32f0xx_rcc.o(i.RCC_LSICmd)
    i.RCC_PCLKConfig                         0x08001314   Section        0  stm32f0xx_rcc.o(i.RCC_PCLKConfig)
    i.RCC_RTCCLKCmd                          0x08001338   Section        0  stm32f0xx_rcc.o(i.RCC_RTCCLKCmd)
    i.RCC_RTCCLKConfig                       0x08001360   Section        0  stm32f0xx_rcc.o(i.RCC_RTCCLKConfig)
    i.RCC_SYSCLKConfig                       0x08001370   Section        0  stm32f0xx_rcc.o(i.RCC_SYSCLKConfig)
    i.RCC_USARTCLKConfig                     0x0800138c   Section        0  stm32f0xx_rcc.o(i.RCC_USARTCLKConfig)
    i.RTC_Bcd2ToByte                         0x080013a8   Section        0  stm32f0xx_rtc.o(i.RTC_Bcd2ToByte)
    RTC_Bcd2ToByte                           0x080013a9   Thumb Code    26  stm32f0xx_rtc.o(i.RTC_Bcd2ToByte)
    i.RTC_ByteToBcd2                         0x080013c2   Section        0  stm32f0xx_rtc.o(i.RTC_ByteToBcd2)
    RTC_ByteToBcd2                           0x080013c3   Thumb Code    28  stm32f0xx_rtc.o(i.RTC_ByteToBcd2)
    i.RTC_EnterInitMode                      0x080013e0   Section        0  stm32f0xx_rtc.o(i.RTC_EnterInitMode)
    i.RTC_ExitInitMode                       0x08001438   Section        0  stm32f0xx_rtc.o(i.RTC_ExitInitMode)
    i.RTC_IRQHandler                         0x0800144c   Section        0  interrupt.o(i.RTC_IRQHandler)
    i.RTC_Init                               0x08001454   Section        0  stm32f0xx_rtc.o(i.RTC_Init)
    i.RTC_ReadBackupRegister                 0x080014ac   Section        0  stm32f0xx_rtc.o(i.RTC_ReadBackupRegister)
    i.RTC_SetDate                            0x080014cc   Section        0  stm32f0xx_rtc.o(i.RTC_SetDate)
    i.RTC_SetTime                            0x0800159c   Section        0  stm32f0xx_rtc.o(i.RTC_SetTime)
    i.RTC_WaitForSynchro                     0x08001674   Section        0  stm32f0xx_rtc.o(i.RTC_WaitForSynchro)
    i.RTC_WriteBackupRegister                0x080016e0   Section        0  stm32f0xx_rtc.o(i.RTC_WriteBackupRegister)
    i.Reset_Init                             0x080016fc   Section        0  systemwork.o(i.Reset_Init)
    i.Rtc_Configer                           0x080017a8   Section        0  bsp.o(i.Rtc_Configer)
    i.SYSCFG_EXTILineConfig                  0x08001804   Section        0  stm32f0xx_syscfg.o(i.SYSCFG_EXTILineConfig)
    i.SetSysClock                            0x08001844   Section        0  system_stm32f0xx.o(i.SetSysClock)
    SetSysClock                              0x08001845   Thumb Code   224  system_stm32f0xx.o(i.SetSysClock)
    i.SoftReset                              0x0800192c   Section        0  flash.o(i.SoftReset)
    i.SystemInit                             0x08001954   Section        0  system_stm32f0xx.o(i.SystemInit)
    i.TIM14_IRQHandler                       0x080019d0   Section        0  interrupt.o(i.TIM14_IRQHandler)
    i.TIM16_IRQHandler                       0x080019d4   Section        0  interrupt.o(i.TIM16_IRQHandler)
    i.TIM17_IRQHandler                       0x08001a30   Section        0  interrupt.o(i.TIM17_IRQHandler)
    i.TIM3_IRQHandler                        0x08001a5c   Section        0  interrupt.o(i.TIM3_IRQHandler)
    i.TIM_ClearITPendingBit                  0x08001a6c   Section        0  stm32f0xx_tim.o(i.TIM_ClearITPendingBit)
    i.TIM_Cmd                                0x08001a74   Section        0  stm32f0xx_tim.o(i.TIM_Cmd)
    i.TIM_CtrlPWMOutputs                     0x08001a90   Section        0  stm32f0xx_tim.o(i.TIM_CtrlPWMOutputs)
    i.TIM_DeInit                             0x08001ab4   Section        0  stm32f0xx_tim.o(i.TIM_DeInit)
    i.TIM_ITConfig                           0x08001b9c   Section        0  stm32f0xx_tim.o(i.TIM_ITConfig)
    i.TIM_OC1Init                            0x08001bb0   Section        0  stm32f0xx_tim.o(i.TIM_OC1Init)
    i.TIM_OC1PreloadConfig                   0x08001c44   Section        0  stm32f0xx_tim.o(i.TIM_OC1PreloadConfig)
    i.TIM_OC2Init                            0x08001c5c   Section        0  stm32f0xx_tim.o(i.TIM_OC2Init)
    i.TIM_OC2PreloadConfig                   0x08001cf8   Section        0  stm32f0xx_tim.o(i.TIM_OC2PreloadConfig)
    i.TIM_TimeBaseInit                       0x08001d10   Section        0  stm32f0xx_tim.o(i.TIM_TimeBaseInit)
    i.Timer_Configer                         0x08001d8c   Section        0  bsp.o(i.Timer_Configer)
    i.USART1_IRQHandler                      0x08001f2c   Section        0  interrupt.o(i.USART1_IRQHandler)
    i.USART2_IRQHandler                      0x08001f68   Section        0  interrupt.o(i.USART2_IRQHandler)
    i.USART_ClearITPendingBit                0x08001fa4   Section        0  stm32f0xx_usart.o(i.USART_ClearITPendingBit)
    i.USART_Cmd                              0x08001fb6   Section        0  stm32f0xx_usart.o(i.USART_Cmd)
    i.USART_GetFlagStatus                    0x08001fce   Section        0  stm32f0xx_usart.o(i.USART_GetFlagStatus)
    i.USART_GetITStatus                      0x08001fe2   Section        0  stm32f0xx_usart.o(i.USART_GetITStatus)
    i.USART_ITConfig                         0x08002030   Section        0  stm32f0xx_usart.o(i.USART_ITConfig)
    i.USART_Init                             0x08002074   Section        0  stm32f0xx_usart.o(i.USART_Init)
    i.USART_OverrunDetectionConfig           0x08002168   Section        0  stm32f0xx_usart.o(i.USART_OverrunDetectionConfig)
    i.USART_ReceiveData                      0x0800217a   Section        0  stm32f0xx_usart.o(i.USART_ReceiveData)
    i.USART_SendData                         0x08002184   Section        0  stm32f0xx_usart.o(i.USART_SendData)
    i.Uart1RxDataHandle                      0x0800218c   Section        0  uart.o(i.Uart1RxDataHandle)
    i.Uart1RxMsgErrorHandler                 0x080021d4   Section        0  cmd.o(i.Uart1RxMsgErrorHandler)
    i.Uart1RxMsgRightHandler                 0x08002204   Section        0  cmd.o(i.Uart1RxMsgRightHandler)
    i.Uart1_Configer                         0x08002218   Section        0  bsp.o(i.Uart1_Configer)
    i.Uart2RxDataHandle                      0x080022b8   Section        0  uart.o(i.Uart2RxDataHandle)
    i.Uart2RxMsgErrorHandler                 0x08002300   Section        0  cmd.o(i.Uart2RxMsgErrorHandler)
    i.Uart2RxMsgRightHandler                 0x08002324   Section        0  cmd.o(i.Uart2RxMsgRightHandler)
    i.WWDG_DeInit                            0x08002338   Section        0  stm32f0xx_wwdg.o(i.WWDG_DeInit)
    i.WWDG_IRQHandler                        0x0800234e   Section        0  interrupt.o(i.WWDG_IRQHandler)
    i.Wakeup_Configer                        0x08002350   Section        0  bsp.o(i.Wakeup_Configer)
    i.__ARM_common_switch8                   0x080023e2   Section        0  systemwork.o(i.__ARM_common_switch8)
    i.__scatterload_copy                     0x080023fe   Section       14  handlers.o(i.__scatterload_copy)
    i.__scatterload_null                     0x0800240c   Section        2  handlers.o(i.__scatterload_null)
    i.__scatterload_zeroinit                 0x0800240e   Section       14  handlers.o(i.__scatterload_zeroinit)
    i.cell_soc_read                          0x0800241c   Section        0  cw2015_i2c.o(i.cell_soc_read)
    i.cell_vol_read                          0x0800242a   Section        0  cw2015_i2c.o(i.cell_vol_read)
    i.charge_vol                             0x08002440   Section        0  systemwork.o(i.charge_vol)
    i.checkuartpacket                        0x08002498   Section        0  cmd.o(i.checkuartpacket)
    i.cw_alert_config                        0x080024c0   Section        0  cw2015_i2c.o(i.cw_alert_config)
    i.cw_mode_set                            0x080024d0   Section        0  cw2015_i2c.o(i.cw_mode_set)
    i.delay_init                             0x080024e0   Section        0  delay.o(i.delay_init)
    i.delay_ms                               0x08002518   Section        0  delay.o(i.delay_ms)
    i.delay_us                               0x08002568   Section        0  delay.o(i.delay_us)
    i.duck_detect                            0x080025b8   Section        0  systemwork.o(i.duck_detect)
    i.feedwwdg                               0x0800266c   Section        0  bsp.o(i.feedwwdg)
    i.get_cell_state                         0x08002670   Section        0  systemwork.o(i.get_cell_state)
    i.get_inst_infor                         0x080026f4   Section        0  cmd.o(i.get_inst_infor)
    i.green_led_flash                        0x08002754   Section        0  interrupt.o(i.green_led_flash)
    i.key_cmd                                0x080027a0   Section        0  cmd.o(i.key_cmd)
    i.key_driver                             0x080027f0   Section        0  interrupt.o(i.key_driver)
    key_driver                               0x080027f1   Thumb Code   332  interrupt.o(i.key_driver)
    i.key_open_system                        0x08002954   Section        0  systemwork.o(i.key_open_system)
    i.key_task                               0x08002968   Section        0  systemwork.o(i.key_task)
    key_task                                 0x08002969   Thumb Code   546  systemwork.o(i.key_task)
    i.led_manage                             0x08002bac   Section        0  systemwork.o(i.led_manage)
    i.led_off                                0x08002ca4   Section        0  systemwork.o(i.led_off)
    i.lightOn                                0x08002cd8   Section        0  systemwork.o(i.lightOn)
    lightOn                                  0x08002cd9   Thumb Code    40  systemwork.o(i.lightOn)
    i.main                                   0x08002d08   Section        0  main.o(i.main)
    i.memorycpy                              0x08002d14   Section        0  memory.o(i.memorycpy)
    i.msg1dispatch                           0x08002d34   Section        0  cmd.o(i.msg1dispatch)
    msg1dispatch                             0x08002d35   Thumb Code   484  cmd.o(i.msg1dispatch)
    i.msg1dispatcherror                      0x08002f40   Section        0  cmd.o(i.msg1dispatcherror)
    msg1dispatcherror                        0x08002f41   Thumb Code    16  cmd.o(i.msg1dispatcherror)
    i.msg2dispatcherror                      0x08002f50   Section        0  cmd.o(i.msg2dispatcherror)
    msg2dispatcherror                        0x08002f51   Thumb Code    16  cmd.o(i.msg2dispatcherror)
    i.msgcalculatesum                        0x08002f60   Section        0  msg.o(i.msgcalculatesum)
    i.msgprepare                             0x08002f92   Section        0  msg.o(i.msgprepare)
    i.msgsend                                0x08002f9e   Section        0  msg.o(i.msgsend)
    i.msgunpack                              0x08002ff0   Section        0  msg.o(i.msgunpack)
    i.msgunpackcheck                         0x080030b8   Section        0  msg.o(i.msgunpackcheck)
    i.mydelayms                              0x080030e8   Section        0  delay.o(i.mydelayms)
    i.onelongbuzze                           0x08003128   Section        0  buzzerpwm.o(i.onelongbuzze)
    i.oneshortbuzze                          0x08003150   Section        0  buzzerpwm.o(i.oneshortbuzze)
    i.pre_charge_init                        0x08003178   Section        0  systemwork.o(i.pre_charge_init)
    i.red_led_flash                          0x08003200   Section        0  interrupt.o(i.red_led_flash)
    i.reset_system                           0x0800324c   Section        0  systemwork.o(i.reset_system)
    i.send_key_value                         0x0800326c   Section        0  cmd.o(i.send_key_value)
    i.send_status                            0x0800329c   Section        0  cmd.o(i.send_status)
    i.sendmsgpatch                           0x080032cc   Section        0  cmd.o(i.sendmsgpatch)
    i.set_time_data                          0x08003330   Section        0  cmd.o(i.set_time_data)
    i.state_led_show                         0x08003380   Section        0  interrupt.o(i.state_led_show)
    i.sys_enterstop                          0x08003480   Section        0  systemwork.o(i.sys_enterstop)
    i.system_task                            0x08003540   Section        0  systemwork.o(i.system_task)
    i.threebuzzeorange                       0x0800357c   Section        0  buzzerpwm.o(i.threebuzzeorange)
    i.timeout_polling                        0x080035dc   Section        0  systemwork.o(i.timeout_polling)
    timeout_polling                          0x080035dd   Thumb Code   136  systemwork.o(i.timeout_polling)
    i.twoshortbuzze                          0x08003680   Section        0  buzzerpwm.o(i.twoshortbuzze)
    i.uart1_send_char                        0x080036b8   Section        0  uart.o(i.uart1_send_char)
    i.uart2_send_char                        0x080036d8   Section        0  uart.o(i.uart2_send_char)
    i.work_task                              0x080036f8   Section        0  systemwork.o(i.work_task)
    work_task                                0x080036f9   Thumb Code   372  systemwork.o(i.work_task)
    .data                                    0x20000000   Section        4  delay.o(.data)
    fac_us                                   0x20000000   Data           1  delay.o(.data)
    fac_ms                                   0x20000002   Data           2  delay.o(.data)
    .data                                    0x20000004   Section       46  systemwork.o(.data)
    .data                                    0x20000032   Section       14  msg.o(.data)
    .data                                    0x20000040   Section        1  sys_info.o(.data)
    .data                                    0x20000044   Section      120  cmd.o(.data)
    .data                                    0x200000bc   Section       16  stm32f0xx_rcc.o(.data)
    APBAHBPrescTable                         0x200000bc   Data          16  stm32f0xx_rcc.o(.data)
    .data                                    0x200000cc   Section       16  interrupt.o(.data)
    key_state                                0x200000d9   Data           1  interrupt.o(.data)
    key_time                                 0x200000da   Data           2  interrupt.o(.data)
    .data                                    0x200000dc   Section       16  uart.o(.data)
    .bss                                     0x200000ec   Section       12  systemwork.o(.bss)
    .bss                                     0x200000f8   Section      132  sys_info.o(.bss)
    .bss                                     0x2000017c   Section      384  cmd.o(.bss)
    .bss                                     0x200002fc   Section      192  uart.o(.bss)
    STACK                                    0x200003c0   Section     1024  startup_stm32f0xx.o(STACK)

    Global Symbols

    Symbol Name                              Value     Ov Type        Size  Object(Section)

    BuildAttributes$$THM_ISAv3M$S$PE$A:L22$X:L11$S22$IEEE1$IW$USESV6$~STKCKD$USESV7$~SHL$OSPACE$ROPI$EBA8$MICROLIB$REQ8$PRES8$EABIv2 0x00000000   Number         0  anon$$obj.o ABSOLUTE
    __ARM_use_no_argv                        0x00000000   Number         0  main.o ABSOLUTE
    _printf_a                                0x00000000   Number         0  stubs.o ABSOLUTE
    _printf_c                                0x00000000   Number         0  stubs.o ABSOLUTE
    _printf_charcount                        0x00000000   Number         0  stubs.o ABSOLUTE
    _printf_d                                0x00000000   Number         0  stubs.o ABSOLUTE
    _printf_e                                0x00000000   Number         0  stubs.o ABSOLUTE
    _printf_f                                0x00000000   Number         0  stubs.o ABSOLUTE
    _printf_flags                            0x00000000   Number         0  stubs.o ABSOLUTE
    _printf_fp_dec                           0x00000000   Number         0  stubs.o ABSOLUTE
    _printf_fp_hex                           0x00000000   Number         0  stubs.o ABSOLUTE
    _printf_g                                0x00000000   Number         0  stubs.o ABSOLUTE
    _printf_i                                0x00000000   Number         0  stubs.o ABSOLUTE
    _printf_int_dec                          0x00000000   Number         0  stubs.o ABSOLUTE
    _printf_l                                0x00000000   Number         0  stubs.o ABSOLUTE
    _printf_lc                               0x00000000   Number         0  stubs.o ABSOLUTE
    _printf_ll                               0x00000000   Number         0  stubs.o ABSOLUTE
    _printf_lld                              0x00000000   Number         0  stubs.o ABSOLUTE
    _printf_lli                              0x00000000   Number         0  stubs.o ABSOLUTE
    _printf_llo                              0x00000000   Number         0  stubs.o ABSOLUTE
    _printf_llu                              0x00000000   Number         0  stubs.o ABSOLUTE
    _printf_llx                              0x00000000   Number         0  stubs.o ABSOLUTE
    _printf_longlong_dec                     0x00000000   Number         0  stubs.o ABSOLUTE
    _printf_longlong_hex                     0x00000000   Number         0  stubs.o ABSOLUTE
    _printf_longlong_oct                     0x00000000   Number         0  stubs.o ABSOLUTE
    _printf_ls                               0x00000000   Number         0  stubs.o ABSOLUTE
    _printf_mbtowc                           0x00000000   Number         0  stubs.o ABSOLUTE
    _printf_n                                0x00000000   Number         0  stubs.o ABSOLUTE
    _printf_o                                0x00000000   Number         0  stubs.o ABSOLUTE
    _printf_p                                0x00000000   Number         0  stubs.o ABSOLUTE
    _printf_percent                          0x00000000   Number         0  stubs.o ABSOLUTE
    _printf_pre_padding                      0x00000000   Number         0  stubs.o ABSOLUTE
    _printf_return_value                     0x00000000   Number         0  stubs.o ABSOLUTE
    _printf_s                                0x00000000   Number         0  stubs.o ABSOLUTE
    _printf_sizespec                         0x00000000   Number         0  stubs.o ABSOLUTE
    _printf_str                              0x00000000   Number         0  stubs.o ABSOLUTE
    _printf_truncate_signed                  0x00000000   Number         0  stubs.o ABSOLUTE
    _printf_truncate_unsigned                0x00000000   Number         0  stubs.o ABSOLUTE
    _printf_u                                0x00000000   Number         0  stubs.o ABSOLUTE
    _printf_wc                               0x00000000   Number         0  stubs.o ABSOLUTE
    _printf_wctomb                           0x00000000   Number         0  stubs.o ABSOLUTE
    _printf_widthprec                        0x00000000   Number         0  stubs.o ABSOLUTE
    _printf_x                                0x00000000   Number         0  stubs.o ABSOLUTE
    __cpp_initialize__aeabi_                  - Undefined Weak Reference
    __cxa_finalize                            - Undefined Weak Reference
    __decompress                              - Undefined Weak Reference
    _clock_init                               - Undefined Weak Reference
    _microlib_exit                            - Undefined Weak Reference
    __Vectors_Size                           0x000000c0   Number         0  startup_stm32f0xx.o ABSOLUTE
    __Vectors                                0x08000000   Data           4  startup_stm32f0xx.o(RESET)
    __Vectors_End                            0x080000c0   Data           0  startup_stm32f0xx.o(RESET)
    __main                                   0x080000c1   Thumb Code     0  entry.o(.ARM.Collect$$$$00000000)
    _main_stk                                0x080000c1   Thumb Code     0  entry2.o(.ARM.Collect$$$$00000001)
    _main_scatterload                        0x080000c5   Thumb Code     0  entry5.o(.ARM.Collect$$$$00000004)
    __main_after_scatterload                 0x080000c9   Thumb Code     0  entry5.o(.ARM.Collect$$$$00000004)
    _main_clock                              0x080000c9   Thumb Code     0  entry7b.o(.ARM.Collect$$$$00000008)
    _main_cpp_init                           0x080000c9   Thumb Code     0  entry8b.o(.ARM.Collect$$$$0000000A)
    _main_init                               0x080000c9   Thumb Code     0  entry9a.o(.ARM.Collect$$$$0000000B)
    __rt_final_cpp                           0x080000d1   Thumb Code     0  entry10a.o(.ARM.Collect$$$$0000000D)
    __rt_final_exit                          0x080000d1   Thumb Code     0  entry11a.o(.ARM.Collect$$$$0000000F)
    Reset_Handler                            0x080000d5   Thumb Code     8  startup_stm32f0xx.o(.text)
    NMI_Handler                              0x080000dd   Thumb Code     2  startup_stm32f0xx.o(.text)
    HardFault_Handler                        0x080000df   Thumb Code     2  startup_stm32f0xx.o(.text)
    SVC_Handler                              0x080000e1   Thumb Code     2  startup_stm32f0xx.o(.text)
    PendSV_Handler                           0x080000e3   Thumb Code     2  startup_stm32f0xx.o(.text)
    SysTick_Handler                          0x080000e5   Thumb Code     2  startup_stm32f0xx.o(.text)
    ADC1_COMP_IRQHandler                     0x080000e7   Thumb Code     0  startup_stm32f0xx.o(.text)
    CEC_IRQHandler                           0x080000e7   Thumb Code     0  startup_stm32f0xx.o(.text)
    DMA1_Channel1_IRQHandler                 0x080000e7   Thumb Code     0  startup_stm32f0xx.o(.text)
    DMA1_Channel2_3_IRQHandler               0x080000e7   Thumb Code     0  startup_stm32f0xx.o(.text)
    DMA1_Channel4_5_IRQHandler               0x080000e7   Thumb Code     0  startup_stm32f0xx.o(.text)
    EXTI2_3_IRQHandler                       0x080000e7   Thumb Code     0  startup_stm32f0xx.o(.text)
    FLASH_IRQHandler                         0x080000e7   Thumb Code     0  startup_stm32f0xx.o(.text)
    I2C1_IRQHandler                          0x080000e7   Thumb Code     0  startup_stm32f0xx.o(.text)
    I2C2_IRQHandler                          0x080000e7   Thumb Code     0  startup_stm32f0xx.o(.text)
    PVD_IRQHandler                           0x080000e7   Thumb Code     0  startup_stm32f0xx.o(.text)
    RCC_IRQHandler                           0x080000e7   Thumb Code     0  startup_stm32f0xx.o(.text)
    SPI1_IRQHandler                          0x080000e7   Thumb Code     0  startup_stm32f0xx.o(.text)
    SPI2_IRQHandler                          0x080000e7   Thumb Code     0  startup_stm32f0xx.o(.text)
    TIM15_IRQHandler                         0x080000e7   Thumb Code     0  startup_stm32f0xx.o(.text)
    TIM1_BRK_UP_TRG_COM_IRQHandler           0x080000e7   Thumb Code     0  startup_stm32f0xx.o(.text)
    TIM1_CC_IRQHandler                       0x080000e7   Thumb Code     0  startup_stm32f0xx.o(.text)
    TIM2_IRQHandler                          0x080000e7   Thumb Code     0  startup_stm32f0xx.o(.text)
    TIM6_DAC_IRQHandler                      0x080000e7   Thumb Code     0  startup_stm32f0xx.o(.text)
    TS_IRQHandler                            0x080000e7   Thumb Code     0  startup_stm32f0xx.o(.text)
    __aeabi_uidiv                            0x080000f1   Thumb Code     0  uidiv.o(.text)
    __aeabi_uidivmod                         0x080000f1   Thumb Code    44  uidiv.o(.text)
    __scatterload                            0x0800011d   Thumb Code    28  init.o(.text)
    __scatterload_rt2                        0x0800011d   Thumb Code     0  init.o(.text)
    ADC_Cmd                                  0x08000141   Thumb Code    24  stm32f0xx_adc.o(i.ADC_Cmd)
    ADC_Configer                             0x08000159   Thumb Code    62  bsp.o(i.ADC_Configer)
    ADC_GetCalibrationFactor                 0x0800019d   Thumb Code    60  stm32f0xx_adc.o(i.ADC_GetCalibrationFactor)
    ADC_Init                                 0x080001d9   Thumb Code    40  stm32f0xx_adc.o(i.ADC_Init)
    ADC_StructInit                           0x08000205   Thumb Code    16  stm32f0xx_adc.o(i.ADC_StructInit)
    Charge_Test                              0x08000215   Thumb Code    76  systemwork.o(i.Charge_Test)
    EXTI0_1_IRQHandler                       0x08000265   Thumb Code   110  interrupt.o(i.EXTI0_1_IRQHandler)
    EXTI4_15_IRQHandler                      0x080002e5   Thumb Code   436  interrupt.o(i.EXTI4_15_IRQHandler)
    EXTI_ClearFlag                           0x080004a9   Thumb Code     6  stm32f0xx_exti.o(i.EXTI_ClearFlag)
    EXTI_ClearITPendingBit                   0x080004b5   Thumb Code     6  stm32f0xx_exti.o(i.EXTI_ClearITPendingBit)
    EXTI_DeInit                              0x080004c1   Thumb Code    20  stm32f0xx_exti.o(i.EXTI_DeInit)
    EXTI_GetITStatus                         0x080004e1   Thumb Code    36  stm32f0xx_exti.o(i.EXTI_GetITStatus)
    EXTI_Init                                0x08000509   Thumb Code   132  stm32f0xx_exti.o(i.EXTI_Init)
    FLASH_PrefetchBufferCmd                  0x08000591   Thumb Code    32  stm32f0xx_flash.o(i.FLASH_PrefetchBufferCmd)
    FLASH_SetLatency                         0x080005b5   Thumb Code    24  stm32f0xx_flash.o(i.FLASH_SetLatency)
    GPIO_Configuration                       0x080005d1   Thumb Code   422  bsp.o(i.GPIO_Configuration)
    GPIO_Init                                0x0800078d   Thumb Code   144  stm32f0xx_gpio.o(i.GPIO_Init)
    GPIO_PinAFConfig                         0x0800081d   Thumb Code    68  stm32f0xx_gpio.o(i.GPIO_PinAFConfig)
    GPIO_ResetBits                           0x08000861   Thumb Code     4  stm32f0xx_gpio.o(i.GPIO_ResetBits)
    GPIO_SetBits                             0x08000865   Thumb Code     4  stm32f0xx_gpio.o(i.GPIO_SetBits)
    GPIO_WriteBit                            0x08000869   Thumb Code    12  stm32f0xx_gpio.o(i.GPIO_WriteBit)
    GetUart1RxData                           0x08000875   Thumb Code    60  uart.o(i.GetUart1RxData)
    I2C_ByteRead                             0x080008bd   Thumb Code    60  cw2015_i2c.o(i.I2C_ByteRead)
    I2C_ByteWrite                            0x080008f9   Thumb Code    46  cw2015_i2c.o(i.I2C_ByteWrite)
    I2C_CheckAck                             0x08000929   Thumb Code    68  i2c.o(i.I2C_CheckAck)
    I2C_Delay                                0x08000971   Thumb Code    10  i2c.o(i.I2C_Delay)
    I2C_NoAck                                0x0800097d   Thumb Code    52  i2c.o(i.I2C_NoAck)
    I2C_RecvByte                             0x080009b5   Thumb Code    92  i2c.o(i.I2C_RecvByte)
    I2C_SendByte                             0x08000a15   Thumb Code    98  i2c.o(i.I2C_SendByte)
    I2C_Start                                0x08000a7d   Thumb Code    92  i2c.o(i.I2C_Start)
    I2C_Stop                                 0x08000add   Thumb Code    52  i2c.o(i.I2C_Stop)
    Key_Configer                             0x08000b15   Thumb Code   484  bsp.o(i.Key_Configer)
    LED_pulse                                0x08000cf9   Thumb Code    76  systemwork.o(i.LED_pulse)
    Lowpower_Configer                        0x08000d4d   Thumb Code   174  bsp.o(i.Lowpower_Configer)
    NVIC_Init                                0x08000e19   Thumb Code   106  stm32f0xx_misc.o(i.NVIC_Init)
    PWR_BackupAccessCmd                      0x08000e89   Thumb Code    36  stm32f0xx_pwr.o(i.PWR_BackupAccessCmd)
    PWR_EnterSTOPMode                        0x08000eb1   Thumb Code    60  stm32f0xx_pwr.o(i.PWR_EnterSTOPMode)
    PowerOn_Test                             0x08000ef5   Thumb Code   102  systemwork.o(i.PowerOn_Test)
    RCC_ADCCLKConfig                         0x08000f69   Thumb Code    52  stm32f0xx_rcc.o(i.RCC_ADCCLKConfig)
    RCC_AHBPeriphClockCmd                    0x08000fa1   Thumb Code    28  stm32f0xx_rcc.o(i.RCC_AHBPeriphClockCmd)
    RCC_APB1PeriphClockCmd                   0x08000fc1   Thumb Code    28  stm32f0xx_rcc.o(i.RCC_APB1PeriphClockCmd)
    RCC_APB1PeriphResetCmd                   0x08000fe1   Thumb Code    28  stm32f0xx_rcc.o(i.RCC_APB1PeriphResetCmd)
    RCC_APB2PeriphClockCmd                   0x08001001   Thumb Code    28  stm32f0xx_rcc.o(i.RCC_APB2PeriphClockCmd)
    RCC_APB2PeriphResetCmd                   0x08001021   Thumb Code    28  stm32f0xx_rcc.o(i.RCC_APB2PeriphResetCmd)
    RCC_Configer                             0x08001041   Thumb Code    68  bsp.o(i.RCC_Configer)
    RCC_DeInit                               0x08001085   Thumb Code   104  stm32f0xx_rcc.o(i.RCC_DeInit)
    RCC_GetClocksFreq                        0x080010f9   Thumb Code   340  stm32f0xx_rcc.o(i.RCC_GetClocksFreq)
    RCC_GetFlagStatus                        0x08001265   Thumb Code    68  stm32f0xx_rcc.o(i.RCC_GetFlagStatus)
    RCC_HCLKConfig                           0x080012ad   Thumb Code    28  stm32f0xx_rcc.o(i.RCC_HCLKConfig)
    RCC_HSICmd                               0x080012cd   Thumb Code    32  stm32f0xx_rcc.o(i.RCC_HSICmd)
    RCC_LSICmd                               0x080012f1   Thumb Code    32  stm32f0xx_rcc.o(i.RCC_LSICmd)
    RCC_PCLKConfig                           0x08001315   Thumb Code    30  stm32f0xx_rcc.o(i.RCC_PCLKConfig)
    RCC_RTCCLKCmd                            0x08001339   Thumb Code    36  stm32f0xx_rcc.o(i.RCC_RTCCLKCmd)
    RCC_RTCCLKConfig                         0x08001361   Thumb Code    12  stm32f0xx_rcc.o(i.RCC_RTCCLKConfig)
    RCC_SYSCLKConfig                         0x08001371   Thumb Code    24  stm32f0xx_rcc.o(i.RCC_SYSCLKConfig)
    RCC_USARTCLKConfig                       0x0800138d   Thumb Code    22  stm32f0xx_rcc.o(i.RCC_USARTCLKConfig)
    RTC_EnterInitMode                        0x080013e1   Thumb Code    82  stm32f0xx_rtc.o(i.RTC_EnterInitMode)
    RTC_ExitInitMode                         0x08001439   Thumb Code    14  stm32f0xx_rtc.o(i.RTC_ExitInitMode)
    RTC_IRQHandler                           0x0800144d   Thumb Code     8  interrupt.o(i.RTC_IRQHandler)
    RTC_Init                                 0x08001455   Thumb Code    84  stm32f0xx_rtc.o(i.RTC_Init)
    RTC_ReadBackupRegister                   0x080014ad   Thumb Code    26  stm32f0xx_rtc.o(i.RTC_ReadBackupRegister)
    RTC_SetDate                              0x080014cd   Thumb Code   198  stm32f0xx_rtc.o(i.RTC_SetDate)
    RTC_SetTime                              0x0800159d   Thumb Code   208  stm32f0xx_rtc.o(i.RTC_SetTime)
    RTC_WaitForSynchro                       0x08001675   Thumb Code   104  stm32f0xx_rtc.o(i.RTC_WaitForSynchro)
    RTC_WriteBackupRegister                  0x080016e1   Thumb Code    24  stm32f0xx_rtc.o(i.RTC_WriteBackupRegister)
    Reset_Init                               0x080016fd   Thumb Code   130  systemwork.o(i.Reset_Init)
    Rtc_Configer                             0x080017a9   Thumb Code    86  bsp.o(i.Rtc_Configer)
    SYSCFG_EXTILineConfig                    0x08001805   Thumb Code    60  stm32f0xx_syscfg.o(i.SYSCFG_EXTILineConfig)
    SoftReset                                0x0800192d   Thumb Code    30  flash.o(i.SoftReset)
    SystemInit                               0x08001955   Thumb Code   110  system_stm32f0xx.o(i.SystemInit)
    TIM14_IRQHandler                         0x080019d1   Thumb Code     2  interrupt.o(i.TIM14_IRQHandler)
    TIM16_IRQHandler                         0x080019d5   Thumb Code    70  interrupt.o(i.TIM16_IRQHandler)
    TIM17_IRQHandler                         0x08001a31   Thumb Code    36  interrupt.o(i.TIM17_IRQHandler)
    TIM3_IRQHandler                          0x08001a5d   Thumb Code    12  interrupt.o(i.TIM3_IRQHandler)
    TIM_ClearITPendingBit                    0x08001a6d   Thumb Code     6  stm32f0xx_tim.o(i.TIM_ClearITPendingBit)
    TIM_Cmd                                  0x08001a75   Thumb Code    24  stm32f0xx_tim.o(i.TIM_Cmd)
    TIM_CtrlPWMOutputs                       0x08001a91   Thumb Code    34  stm32f0xx_tim.o(i.TIM_CtrlPWMOutputs)
    TIM_DeInit                               0x08001ab5   Thumb Code   204  stm32f0xx_tim.o(i.TIM_DeInit)
    TIM_ITConfig                             0x08001b9d   Thumb Code    20  stm32f0xx_tim.o(i.TIM_ITConfig)
    TIM_OC1Init                              0x08001bb1   Thumb Code   122  stm32f0xx_tim.o(i.TIM_OC1Init)
    TIM_OC1PreloadConfig                     0x08001c45   Thumb Code    20  stm32f0xx_tim.o(i.TIM_OC1PreloadConfig)
    TIM_OC2Init                              0x08001c5d   Thumb Code   130  stm32f0xx_tim.o(i.TIM_OC2Init)
    TIM_OC2PreloadConfig                     0x08001cf9   Thumb Code    20  stm32f0xx_tim.o(i.TIM_OC2PreloadConfig)
    TIM_TimeBaseInit                         0x08001d11   Thumb Code    90  stm32f0xx_tim.o(i.TIM_TimeBaseInit)
    Timer_Configer                           0x08001d8d   Thumb Code   386  bsp.o(i.Timer_Configer)
    USART1_IRQHandler                        0x08001f2d   Thumb Code    48  interrupt.o(i.USART1_IRQHandler)
    USART2_IRQHandler                        0x08001f69   Thumb Code    48  interrupt.o(i.USART2_IRQHandler)
    USART_ClearITPendingBit                  0x08001fa5   Thumb Code    18  stm32f0xx_usart.o(i.USART_ClearITPendingBit)
    USART_Cmd                                0x08001fb7   Thumb Code    24  stm32f0xx_usart.o(i.USART_Cmd)
    USART_GetFlagStatus                      0x08001fcf   Thumb Code    20  stm32f0xx_usart.o(i.USART_GetFlagStatus)
    USART_GetITStatus                        0x08001fe3   Thumb Code    78  stm32f0xx_usart.o(i.USART_GetITStatus)
    USART_ITConfig                           0x08002031   Thumb Code    66  stm32f0xx_usart.o(i.USART_ITConfig)
    USART_Init                               0x08002075   Thumb Code   234  stm32f0xx_usart.o(i.USART_Init)
    USART_OverrunDetectionConfig             0x08002169   Thumb Code    18  stm32f0xx_usart.o(i.USART_OverrunDetectionConfig)
    USART_ReceiveData                        0x0800217b   Thumb Code    10  stm32f0xx_usart.o(i.USART_ReceiveData)
    USART_SendData                           0x08002185   Thumb Code     8  stm32f0xx_usart.o(i.USART_SendData)
    Uart1RxDataHandle                        0x0800218d   Thumb Code    56  uart.o(i.Uart1RxDataHandle)
    Uart1RxMsgErrorHandler                   0x080021d5   Thumb Code    34  cmd.o(i.Uart1RxMsgErrorHandler)
    Uart1RxMsgRightHandler                   0x08002205   Thumb Code    12  cmd.o(i.Uart1RxMsgRightHandler)
    Uart1_Configer                           0x08002219   Thumb Code   152  bsp.o(i.Uart1_Configer)
    Uart2RxDataHandle                        0x080022b9   Thumb Code    56  uart.o(i.Uart2RxDataHandle)
    Uart2RxMsgErrorHandler                   0x08002301   Thumb Code    22  cmd.o(i.Uart2RxMsgErrorHandler)
    Uart2RxMsgRightHandler                   0x08002325   Thumb Code    12  cmd.o(i.Uart2RxMsgRightHandler)
    WWDG_DeInit                              0x08002339   Thumb Code    22  stm32f0xx_wwdg.o(i.WWDG_DeInit)
    WWDG_IRQHandler                          0x0800234f   Thumb Code     2  interrupt.o(i.WWDG_IRQHandler)
    Wakeup_Configer                          0x08002351   Thumb Code   146  bsp.o(i.Wakeup_Configer)
    __ARM_common_switch8                     0x080023e3   Thumb Code    28  systemwork.o(i.__ARM_common_switch8)
    __scatterload_copy                       0x080023ff   Thumb Code    14  handlers.o(i.__scatterload_copy)
    __scatterload_null                       0x0800240d   Thumb Code     2  handlers.o(i.__scatterload_null)
    __scatterload_zeroinit                   0x0800240f   Thumb Code    14  handlers.o(i.__scatterload_zeroinit)
    cell_soc_read                            0x0800241d   Thumb Code    14  cw2015_i2c.o(i.cell_soc_read)
    cell_vol_read                            0x0800242b   Thumb Code    22  cw2015_i2c.o(i.cell_vol_read)
    charge_vol                               0x08002441   Thumb Code    78  systemwork.o(i.charge_vol)
    checkuartpacket                          0x08002499   Thumb Code    36  cmd.o(i.checkuartpacket)
    cw_alert_config                          0x080024c1   Thumb Code    16  cw2015_i2c.o(i.cw_alert_config)
    cw_mode_set                              0x080024d1   Thumb Code    16  cw2015_i2c.o(i.cw_mode_set)
    delay_init                               0x080024e1   Thumb Code    42  delay.o(i.delay_init)
    delay_ms                                 0x08002519   Thumb Code    70  delay.o(i.delay_ms)
    delay_us                                 0x08002569   Thumb Code    70  delay.o(i.delay_us)
    duck_detect                              0x080025b9   Thumb Code   166  systemwork.o(i.duck_detect)
    feedwwdg                                 0x0800266d   Thumb Code     2  bsp.o(i.feedwwdg)
    get_cell_state                           0x08002671   Thumb Code   116  systemwork.o(i.get_cell_state)
    get_inst_infor                           0x080026f5   Thumb Code    90  cmd.o(i.get_inst_infor)
    green_led_flash                          0x08002755   Thumb Code    68  interrupt.o(i.green_led_flash)
    key_cmd                                  0x080027a1   Thumb Code    74  cmd.o(i.key_cmd)
    key_open_system                          0x08002955   Thumb Code    18  systemwork.o(i.key_open_system)
    led_manage                               0x08002bad   Thumb Code   214  systemwork.o(i.led_manage)
    led_off                                  0x08002ca5   Thumb Code    38  systemwork.o(i.led_off)
    main                                     0x08002d09   Thumb Code    12  main.o(i.main)
    memorycpy                                0x08002d15   Thumb Code    30  memory.o(i.memorycpy)
    msgcalculatesum                          0x08002f61   Thumb Code    50  msg.o(i.msgcalculatesum)
    msgprepare                               0x08002f93   Thumb Code    12  msg.o(i.msgprepare)
    msgsend                                  0x08002f9f   Thumb Code    82  msg.o(i.msgsend)
    msgunpack                                0x08002ff1   Thumb Code   200  msg.o(i.msgunpack)
    msgunpackcheck                           0x080030b9   Thumb Code    46  msg.o(i.msgunpackcheck)
    mydelayms                                0x080030e9   Thumb Code    58  delay.o(i.mydelayms)
    onelongbuzze                             0x08003129   Thumb Code    36  buzzerpwm.o(i.onelongbuzze)
    oneshortbuzze                            0x08003151   Thumb Code    34  buzzerpwm.o(i.oneshortbuzze)
    pre_charge_init                          0x08003179   Thumb Code   122  systemwork.o(i.pre_charge_init)
    red_led_flash                            0x08003201   Thumb Code    68  interrupt.o(i.red_led_flash)
    reset_system                             0x0800324d   Thumb Code    32  systemwork.o(i.reset_system)
    send_key_value                           0x0800326d   Thumb Code    34  cmd.o(i.send_key_value)
    send_status                              0x0800329d   Thumb Code    34  cmd.o(i.send_status)
    sendmsgpatch                             0x080032cd   Thumb Code    80  cmd.o(i.sendmsgpatch)
    set_time_data                            0x08003331   Thumb Code    80  cmd.o(i.set_time_data)
    state_led_show                           0x08003381   Thumb Code   242  interrupt.o(i.state_led_show)
    sys_enterstop                            0x08003481   Thumb Code   150  systemwork.o(i.sys_enterstop)
    system_task                              0x08003541   Thumb Code    56  systemwork.o(i.system_task)
    threebuzzeorange                         0x0800357d   Thumb Code    90  buzzerpwm.o(i.threebuzzeorange)
    twoshortbuzze                            0x08003681   Thumb Code    52  buzzerpwm.o(i.twoshortbuzze)
    uart1_send_char                          0x080036b9   Thumb Code    28  uart.o(i.uart1_send_char)
    uart2_send_char                          0x080036d9   Thumb Code    28  uart.o(i.uart2_send_char)
    Region$$Table$$Base                      0x0800388c   Number         0  anon$$obj.o(Region$$Table)
    Region$$Table$$Limit                     0x080038ac   Number         0  anon$$obj.o(Region$$Table)
    instState                                0x20000004   Data           1  systemwork.o(.data)
    actionState                              0x20000005   Data           1  systemwork.o(.data)
    wifiState                                0x20000006   Data           1  systemwork.o(.data)
    keyHandleInfor                           0x20000008   Data           6  systemwork.o(.data)
    cellState                                0x2000000e   Data           8  systemwork.o(.data)
    duckState                                0x20000016   Data           1  systemwork.o(.data)
    duckCnt                                  0x20000018   Data           4  systemwork.o(.data)
    lightState                               0x2000001c   Data           1  systemwork.o(.data)
    redLedDisp                               0x2000001e   Data           4  systemwork.o(.data)
    greenLedDisp                             0x20000022   Data           4  systemwork.o(.data)
    stopTimeCount                            0x20000028   Data           4  systemwork.o(.data)
    chargeFlag                               0x2000002c   Data           1  systemwork.o(.data)
    ledPulse                                 0x2000002e   Data           2  systemwork.o(.data)
    stopFlag                                 0x20000030   Data           1  systemwork.o(.data)
    wakeupFlag                               0x20000031   Data           1  systemwork.o(.data)
    waitReply                                0x20000032   Data           6  msg.o(.data)
    waitAction                               0x20000038   Data           6  msg.o(.data)
    blestatus                                0x2000003e   Data           1  msg.o(.data)
    cmddatauptype                            0x2000003f   Data           1  msg.o(.data)
    instInforType                            0x20000040   Data           1  sys_info.o(.data)
    current_time                             0x20000044   Data           6  cmd.o(.data)
    g_timeoutflag                            0x2000004a   Data           1  cmd.o(.data)
    Uart2RxMsg                               0x2000004c   Data          28  cmd.o(.data)
    Uart2TxMsg                               0x20000068   Data          28  cmd.o(.data)
    Uart1RxMsg                               0x20000084   Data          28  cmd.o(.data)
    Uart1TxMsg                               0x200000a0   Data          28  cmd.o(.data)
    timeset_complete                         0x200000cc   Data           1  interrupt.o(.data)
    datasend_topc                            0x200000cd   Data           1  interrupt.o(.data)
    secondsflag                              0x200000ce   Data           1  interrupt.o(.data)
    timeblinkflag                            0x200000cf   Data           1  interrupt.o(.data)
    g_secondcut                              0x200000d0   Data           1  interrupt.o(.data)
    g_datafresh                              0x200000d1   Data           1  interrupt.o(.data)
    g_wirelessfresh                          0x200000d2   Data           1  interrupt.o(.data)
    longkeywakeup                            0x200000d3   Data           1  interrupt.o(.data)
    secondcnt                                0x200000d4   Data           1  interrupt.o(.data)
    keymainsignal                            0x200000d5   Data           1  interrupt.o(.data)
    chagreflash_cnt                          0x200000d6   Data           1  interrupt.o(.data)
    chagreflash_flag                         0x200000d7   Data           1  interrupt.o(.data)
    batterytest                              0x200000d8   Data           1  interrupt.o(.data)
    head                                     0x200000dc   Data           1  uart.o(.data)
    tail                                     0x200000dd   Data           1  uart.o(.data)
    rxFail                                   0x200000e0   Data           4  uart.o(.data)
    headone                                  0x200000e4   Data           1  uart.o(.data)
    tailone                                  0x200000e5   Data           1  uart.o(.data)
    rxFailone                                0x200000e8   Data           4  uart.o(.data)
    selfInfor                                0x200000ec   Data          12  systemwork.o(.bss)
    instInfor                                0x200000f8   Data         132  sys_info.o(.bss)
    Uart2RxMsgBuf                            0x2000017c   Data         128  cmd.o(.bss)
    Uart2TxMsgBuf                            0x200001fc   Data         128  cmd.o(.bss)
    Uart1RxMsgBuf                            0x2000027c   Data          64  cmd.o(.bss)
    Uart1TxMsgBuf                            0x200002bc   Data          64  cmd.o(.bss)
    Uart2RxBuf                               0x200002fc   Data         128  uart.o(.bss)
    Uart1RxBuf                               0x2000037c   Data          64  uart.o(.bss)
    __initial_sp                             0x200007c0   Data           0  startup_stm32f0xx.o(STACK)



==============================================================================

Memory Map of the image

  Image Entry point : 0x080000c1

  Load Region LR_IROM1 (Base: 0x08000000, Size: 0x00003998, Max: 0x00010000, ABSOLUTE)

    Execution Region ER_IROM1 (Base: 0x08000000, Size: 0x000038ac, Max: 0x00010000, ABSOLUTE)

    Base Addr    Size         Type   Attr      Idx    E Section Name        Object

    0x08000000   0x000000c0   Data   RO         3867    RESET               startup_stm32f0xx.o
    0x080000c0   0x00000000   Code   RO         4623  * .ARM.Collect$$$$00000000  mc_p.l(entry.o)
    0x080000c0   0x00000004   Code   RO         4897    .ARM.Collect$$$$00000001  mc_p.l(entry2.o)
    0x080000c4   0x00000004   Code   RO         4900    .ARM.Collect$$$$00000004  mc_p.l(entry5.o)
    0x080000c8   0x00000000   Code   RO         4902    .ARM.Collect$$$$00000008  mc_p.l(entry7b.o)
    0x080000c8   0x00000000   Code   RO         4904    .ARM.Collect$$$$0000000A  mc_p.l(entry8b.o)
    0x080000c8   0x00000008   Code   RO         4905    .ARM.Collect$$$$0000000B  mc_p.l(entry9a.o)
    0x080000d0   0x00000000   Code   RO         4907    .ARM.Collect$$$$0000000D  mc_p.l(entry10a.o)
    0x080000d0   0x00000000   Code   RO         4909    .ARM.Collect$$$$0000000F  mc_p.l(entry11a.o)
    0x080000d0   0x00000004   Code   RO         4898    .ARM.Collect$$$$00002712  mc_p.l(entry2.o)
    0x080000d4   0x0000001c   Code   RO         3868    .text               startup_stm32f0xx.o
    0x080000f0   0x0000002c   Code   RO         4626    .text               mc_p.l(uidiv.o)
    0x0800011c   0x00000024   Code   RO         4927    .text               mc_p.l(init.o)
    0x08000140   0x00000018   Code   RO          656    i.ADC_Cmd           stm32f0xx_adc.o
    0x08000158   0x00000044   Code   RO         4093    i.ADC_Configer      bsp.o
    0x0800019c   0x0000003c   Code   RO          662    i.ADC_GetCalibrationFactor  stm32f0xx_adc.o
    0x080001d8   0x0000002c   Code   RO          667    i.ADC_Init          stm32f0xx_adc.o
    0x08000204   0x00000010   Code   RO          672    i.ADC_StructInit    stm32f0xx_adc.o
    0x08000214   0x00000050   Code   RO          182    i.Charge_Test       systemwork.o
    0x08000264   0x00000080   Code   RO         4441    i.EXTI0_1_IRQHandler  interrupt.o
    0x080002e4   0x000001c4   Code   RO         4442    i.EXTI4_15_IRQHandler  interrupt.o
    0x080004a8   0x0000000c   Code   RO         1298    i.EXTI_ClearFlag    stm32f0xx_exti.o
    0x080004b4   0x0000000c   Code   RO         1299    i.EXTI_ClearITPendingBit  stm32f0xx_exti.o
    0x080004c0   0x00000020   Code   RO         1300    i.EXTI_DeInit       stm32f0xx_exti.o
    0x080004e0   0x00000028   Code   RO         1303    i.EXTI_GetITStatus  stm32f0xx_exti.o
    0x08000508   0x00000088   Code   RO         1304    i.EXTI_Init         stm32f0xx_exti.o
    0x08000590   0x00000024   Code   RO         1382    i.FLASH_PrefetchBufferCmd  stm32f0xx_flash.o
    0x080005b4   0x0000001c   Code   RO         1386    i.FLASH_SetLatency  stm32f0xx_flash.o
    0x080005d0   0x000001bc   Code   RO         4095    i.GPIO_Configuration  bsp.o
    0x0800078c   0x00000090   Code   RO         1549    i.GPIO_Init         stm32f0xx_gpio.o
    0x0800081c   0x00000044   Code   RO         1550    i.GPIO_PinAFConfig  stm32f0xx_gpio.o
    0x08000860   0x00000004   Code   RO         1556    i.GPIO_ResetBits    stm32f0xx_gpio.o
    0x08000864   0x00000004   Code   RO         1557    i.GPIO_SetBits      stm32f0xx_gpio.o
    0x08000868   0x0000000c   Code   RO         1560    i.GPIO_WriteBit     stm32f0xx_gpio.o
    0x08000874   0x00000048   Code   RO         4546    i.GetUart1RxData    uart.o
    0x080008bc   0x0000003c   Code   RO         4265    i.I2C_ByteRead      cw2015_i2c.o
    0x080008f8   0x0000002e   Code   RO         4266    i.I2C_ByteWrite     cw2015_i2c.o
    0x08000926   0x00000002   PAD
    0x08000928   0x00000048   Code   RO         4377    i.I2C_CheckAck      i2c.o
    0x08000970   0x0000000a   Code   RO         4378    i.I2C_Delay         i2c.o
    0x0800097a   0x00000002   PAD
    0x0800097c   0x00000038   Code   RO         4379    i.I2C_NoAck         i2c.o
    0x080009b4   0x00000060   Code   RO         4380    i.I2C_RecvByte      i2c.o
    0x08000a14   0x00000068   Code   RO         4381    i.I2C_SendByte      i2c.o
    0x08000a7c   0x00000060   Code   RO         4382    i.I2C_Start         i2c.o
    0x08000adc   0x00000038   Code   RO         4383    i.I2C_Stop          i2c.o
    0x08000b14   0x000001e4   Code   RO         4096    i.Key_Configer      bsp.o
    0x08000cf8   0x00000054   Code   RO          183    i.LED_pulse         systemwork.o
    0x08000d4c   0x000000cc   Code   RO         4097    i.Lowpower_Configer  bsp.o
    0x08000e18   0x00000070   Code   RO         1962    i.NVIC_Init         stm32f0xx_misc.o
    0x08000e88   0x00000028   Code   RO         1994    i.PWR_BackupAccessCmd  stm32f0xx_pwr.o
    0x08000eb0   0x00000044   Code   RO         1998    i.PWR_EnterSTOPMode  stm32f0xx_pwr.o
    0x08000ef4   0x00000074   Code   RO          184    i.PowerOn_Test      systemwork.o
    0x08000f68   0x00000038   Code   RO         2068    i.RCC_ADCCLKConfig  stm32f0xx_rcc.o
    0x08000fa0   0x00000020   Code   RO         2069    i.RCC_AHBPeriphClockCmd  stm32f0xx_rcc.o
    0x08000fc0   0x00000020   Code   RO         2071    i.RCC_APB1PeriphClockCmd  stm32f0xx_rcc.o
    0x08000fe0   0x00000020   Code   RO         2072    i.RCC_APB1PeriphResetCmd  stm32f0xx_rcc.o
    0x08001000   0x00000020   Code   RO         2073    i.RCC_APB2PeriphClockCmd  stm32f0xx_rcc.o
    0x08001020   0x00000020   Code   RO         2074    i.RCC_APB2PeriphResetCmd  stm32f0xx_rcc.o
    0x08001040   0x00000044   Code   RO         4098    i.RCC_Configer      bsp.o
    0x08001084   0x00000074   Code   RO         2082    i.RCC_DeInit        stm32f0xx_rcc.o
    0x080010f8   0x0000016c   Code   RO         2083    i.RCC_GetClocksFreq  stm32f0xx_rcc.o
    0x08001264   0x00000048   Code   RO         2084    i.RCC_GetFlagStatus  stm32f0xx_rcc.o
    0x080012ac   0x00000020   Code   RO         2087    i.RCC_HCLKConfig    stm32f0xx_rcc.o
    0x080012cc   0x00000024   Code   RO         2091    i.RCC_HSICmd        stm32f0xx_rcc.o
    0x080012f0   0x00000024   Code   RO         2096    i.RCC_LSICmd        stm32f0xx_rcc.o
    0x08001314   0x00000024   Code   RO         2098    i.RCC_PCLKConfig    stm32f0xx_rcc.o
    0x08001338   0x00000028   Code   RO         2102    i.RCC_RTCCLKCmd     stm32f0xx_rcc.o
    0x08001360   0x00000010   Code   RO         2103    i.RCC_RTCCLKConfig  stm32f0xx_rcc.o
    0x08001370   0x0000001c   Code   RO         2104    i.RCC_SYSCLKConfig  stm32f0xx_rcc.o
    0x0800138c   0x0000001c   Code   RO         2105    i.RCC_USARTCLKConfig  stm32f0xx_rcc.o
    0x080013a8   0x0000001a   Code   RO         2321    i.RTC_Bcd2ToByte    stm32f0xx_rtc.o
    0x080013c2   0x0000001c   Code   RO         2323    i.RTC_ByteToBcd2    stm32f0xx_rtc.o
    0x080013de   0x00000002   PAD
    0x080013e0   0x00000058   Code   RO         2331    i.RTC_EnterInitMode  stm32f0xx_rtc.o
    0x08001438   0x00000014   Code   RO         2332    i.RTC_ExitInitMode  stm32f0xx_rtc.o
    0x0800144c   0x00000008   Code   RO         4443    i.RTC_IRQHandler    interrupt.o
    0x08001454   0x00000058   Code   RO         2344    i.RTC_Init          stm32f0xx_rtc.o
    0x080014ac   0x00000020   Code   RO         2347    i.RTC_ReadBackupRegister  stm32f0xx_rtc.o
    0x080014cc   0x000000d0   Code   RO         2350    i.RTC_SetDate       stm32f0xx_rtc.o
    0x0800159c   0x000000d8   Code   RO         2351    i.RTC_SetTime       stm32f0xx_rtc.o
    0x08001674   0x0000006c   Code   RO         2364    i.RTC_WaitForSynchro  stm32f0xx_rtc.o
    0x080016e0   0x0000001c   Code   RO         2365    i.RTC_WriteBackupRegister  stm32f0xx_rtc.o
    0x080016fc   0x000000ac   Code   RO          185    i.Reset_Init        systemwork.o
    0x080017a8   0x0000005c   Code   RO         4101    i.Rtc_Configer      bsp.o
    0x08001804   0x00000040   Code   RO         2828    i.SYSCFG_EXTILineConfig  stm32f0xx_syscfg.o
    0x08001844   0x000000e8   Code   RO         3830    i.SetSysClock       system_stm32f0xx.o
    0x0800192c   0x00000028   Code   RO         4326    i.SoftReset         flash.o
    0x08001954   0x0000007c   Code   RO         3832    i.SystemInit        system_stm32f0xx.o
    0x080019d0   0x00000002   Code   RO         4444    i.TIM14_IRQHandler  interrupt.o
    0x080019d2   0x00000002   PAD
    0x080019d4   0x0000005c   Code   RO         4445    i.TIM16_IRQHandler  interrupt.o
    0x08001a30   0x0000002c   Code   RO         4446    i.TIM17_IRQHandler  interrupt.o
    0x08001a5c   0x00000010   Code   RO         4447    i.TIM3_IRQHandler   interrupt.o
    0x08001a6c   0x00000006   Code   RO         2897    i.TIM_ClearITPendingBit  stm32f0xx_tim.o
    0x08001a72   0x00000002   PAD
    0x08001a74   0x0000001c   Code   RO         2902    i.TIM_Cmd           stm32f0xx_tim.o
    0x08001a90   0x00000022   Code   RO         2904    i.TIM_CtrlPWMOutputs  stm32f0xx_tim.o
    0x08001ab2   0x00000002   PAD
    0x08001ab4   0x000000e8   Code   RO         2907    i.TIM_DeInit        stm32f0xx_tim.o
    0x08001b9c   0x00000014   Code   RO         2927    i.TIM_ITConfig      stm32f0xx_tim.o
    0x08001bb0   0x00000094   Code   RO         2931    i.TIM_OC1Init       stm32f0xx_tim.o
    0x08001c44   0x00000018   Code   RO         2934    i.TIM_OC1PreloadConfig  stm32f0xx_tim.o
    0x08001c5c   0x0000009c   Code   RO         2936    i.TIM_OC2Init       stm32f0xx_tim.o
    0x08001cf8   0x00000018   Code   RO         2939    i.TIM_OC2PreloadConfig  stm32f0xx_tim.o
    0x08001d10   0x0000007c   Code   RO         2975    i.TIM_TimeBaseInit  stm32f0xx_tim.o
    0x08001d8c   0x000001a0   Code   RO         4102    i.Timer_Configer    bsp.o
    0x08001f2c   0x0000003c   Code   RO         4448    i.USART1_IRQHandler  interrupt.o
    0x08001f68   0x0000003c   Code   RO         4449    i.USART2_IRQHandler  interrupt.o
    0x08001fa4   0x00000012   Code   RO         3459    i.USART_ClearITPendingBit  stm32f0xx_usart.o
    0x08001fb6   0x00000018   Code   RO         3462    i.USART_Cmd         stm32f0xx_usart.o
    0x08001fce   0x00000014   Code   RO         3470    i.USART_GetFlagStatus  stm32f0xx_usart.o
    0x08001fe2   0x0000004e   Code   RO         3471    i.USART_GetITStatus  stm32f0xx_usart.o
    0x08002030   0x00000042   Code   RO         3473    i.USART_ITConfig    stm32f0xx_usart.o
    0x08002072   0x00000002   PAD
    0x08002074   0x000000f4   Code   RO         3474    i.USART_Init        stm32f0xx_usart.o
    0x08002168   0x00000012   Code   RO         3485    i.USART_OverrunDetectionConfig  stm32f0xx_usart.o
    0x0800217a   0x0000000a   Code   RO         3486    i.USART_ReceiveData  stm32f0xx_usart.o
    0x08002184   0x00000008   Code   RO         3491    i.USART_SendData    stm32f0xx_usart.o
    0x0800218c   0x00000048   Code   RO         4550    i.Uart1RxDataHandle  uart.o
    0x080021d4   0x00000030   Code   RO          515    i.Uart1RxMsgErrorHandler  cmd.o
    0x08002204   0x00000014   Code   RO          516    i.Uart1RxMsgRightHandler  cmd.o
    0x08002218   0x000000a0   Code   RO         4103    i.Uart1_Configer    bsp.o
    0x080022b8   0x00000048   Code   RO         4551    i.Uart2RxDataHandle  uart.o
    0x08002300   0x00000024   Code   RO          517    i.Uart2RxMsgErrorHandler  cmd.o
    0x08002324   0x00000014   Code   RO          518    i.Uart2RxMsgRightHandler  cmd.o
    0x08002338   0x00000016   Code   RO         3769    i.WWDG_DeInit       stm32f0xx_wwdg.o
    0x0800234e   0x00000002   Code   RO         4450    i.WWDG_IRQHandler   interrupt.o
    0x08002350   0x00000092   Code   RO         4108    i.Wakeup_Configer   bsp.o
    0x080023e2   0x0000001c   Code   RO          317    i.__ARM_common_switch8  systemwork.o
    0x080023fe   0x0000000e   Code   RO         4943    i.__scatterload_copy  mc_p.l(handlers.o)
    0x0800240c   0x00000002   Code   RO         4944    i.__scatterload_null  mc_p.l(handlers.o)
    0x0800240e   0x0000000e   Code   RO         4945    i.__scatterload_zeroinit  mc_p.l(handlers.o)
    0x0800241c   0x0000000e   Code   RO         4268    i.cell_soc_read     cw2015_i2c.o
    0x0800242a   0x00000016   Code   RO         4269    i.cell_vol_read     cw2015_i2c.o
    0x08002440   0x00000058   Code   RO          186    i.charge_vol        systemwork.o
    0x08002498   0x00000028   Code   RO          519    i.checkuartpacket   cmd.o
    0x080024c0   0x00000010   Code   RO         4270    i.cw_alert_config   cw2015_i2c.o
    0x080024d0   0x00000010   Code   RO         4271    i.cw_mode_set       cw2015_i2c.o
    0x080024e0   0x00000038   Code   RO          136    i.delay_init        delay.o
    0x08002518   0x00000050   Code   RO          137    i.delay_ms          delay.o
    0x08002568   0x00000050   Code   RO          138    i.delay_us          delay.o
    0x080025b8   0x000000b4   Code   RO          187    i.duck_detect       systemwork.o
    0x0800266c   0x00000002   Code   RO         4109    i.feedwwdg          bsp.o
    0x0800266e   0x00000002   PAD
    0x08002670   0x00000084   Code   RO          188    i.get_cell_state    systemwork.o
    0x080026f4   0x00000060   Code   RO          521    i.get_inst_infor    cmd.o
    0x08002754   0x0000004c   Code   RO         4451    i.green_led_flash   interrupt.o
    0x080027a0   0x00000050   Code   RO          522    i.key_cmd           cmd.o
    0x080027f0   0x00000164   Code   RO         4452    i.key_driver        interrupt.o
    0x08002954   0x00000012   Code   RO          189    i.key_open_system   systemwork.o
    0x08002966   0x00000002   PAD
    0x08002968   0x00000244   Code   RO          190    i.key_task          systemwork.o
    0x08002bac   0x000000f8   Code   RO          191    i.led_manage        systemwork.o
    0x08002ca4   0x00000034   Code   RO          192    i.led_off           systemwork.o
    0x08002cd8   0x00000030   Code   RO          193    i.lightOn           systemwork.o
    0x08002d08   0x0000000c   Code   RO            3    i.main              main.o
    0x08002d14   0x0000001e   Code   RO          363    i.memorycpy         memory.o
    0x08002d32   0x00000002   PAD
    0x08002d34   0x0000020c   Code   RO          523    i.msg1dispatch      cmd.o
    0x08002f40   0x00000010   Code   RO          524    i.msg1dispatcherror  cmd.o
    0x08002f50   0x00000010   Code   RO          526    i.msg2dispatcherror  cmd.o
    0x08002f60   0x00000032   Code   RO          400    i.msgcalculatesum   msg.o
    0x08002f92   0x0000000c   Code   RO          402    i.msgprepare        msg.o
    0x08002f9e   0x00000052   Code   RO          403    i.msgsend           msg.o
    0x08002ff0   0x000000c8   Code   RO          404    i.msgunpack         msg.o
    0x080030b8   0x0000002e   Code   RO          405    i.msgunpackcheck    msg.o
    0x080030e6   0x00000002   PAD
    0x080030e8   0x00000040   Code   RO          139    i.mydelayms         delay.o
    0x08003128   0x00000028   Code   RO         4221    i.onelongbuzze      buzzerpwm.o
    0x08003150   0x00000028   Code   RO         4222    i.oneshortbuzze     buzzerpwm.o
    0x08003178   0x00000088   Code   RO          195    i.pre_charge_init   systemwork.o
    0x08003200   0x0000004c   Code   RO         4453    i.red_led_flash     interrupt.o
    0x0800324c   0x00000020   Code   RO          197    i.reset_system      systemwork.o
    0x0800326c   0x00000030   Code   RO          527    i.send_key_value    cmd.o
    0x0800329c   0x00000030   Code   RO          528    i.send_status       cmd.o
    0x080032cc   0x00000064   Code   RO          529    i.sendmsgpatch      cmd.o
    0x08003330   0x00000050   Code   RO          530    i.set_time_data     cmd.o
    0x08003380   0x00000100   Code   RO         4454    i.state_led_show    interrupt.o
    0x08003480   0x000000c0   Code   RO          199    i.sys_enterstop     systemwork.o
    0x08003540   0x0000003c   Code   RO          200    i.system_task       systemwork.o
    0x0800357c   0x00000060   Code   RO         4223    i.threebuzzeorange  buzzerpwm.o
    0x080035dc   0x000000a4   Code   RO          201    i.timeout_polling   systemwork.o
    0x08003680   0x00000038   Code   RO         4225    i.twoshortbuzze     buzzerpwm.o
    0x080036b8   0x00000020   Code   RO         4552    i.uart1_send_char   uart.o
    0x080036d8   0x00000020   Code   RO         4553    i.uart2_send_char   uart.o
    0x080036f8   0x00000194   Code   RO          202    i.work_task         systemwork.o
    0x0800388c   0x00000020   Data   RO         4941    Region$$Table       anon$$obj.o


    Execution Region RW_IRAM1 (Base: 0x20000000, Size: 0x000007c0, Max: 0x00002000, ABSOLUTE)

    Base Addr    Size         Type   Attr      Idx    E Section Name        Object

    0x20000000   0x00000004   Data   RW          141    .data               delay.o
    0x20000004   0x0000002e   Data   RW          204    .data               systemwork.o
    0x20000032   0x0000000e   Data   RW          406    .data               msg.o
    0x20000040   0x00000001   Data   RW          466    .data               sys_info.o
    0x20000041   0x00000003   PAD
    0x20000044   0x00000078   Data   RW          532    .data               cmd.o
    0x200000bc   0x00000010   Data   RW         2107    .data               stm32f0xx_rcc.o
    0x200000cc   0x00000010   Data   RW         4455    .data               interrupt.o
    0x200000dc   0x00000010   Data   RW         4555    .data               uart.o
    0x200000ec   0x0000000c   Zero   RW          203    .bss                systemwork.o
    0x200000f8   0x00000084   Zero   RW          465    .bss                sys_info.o
    0x2000017c   0x00000180   Zero   RW          531    .bss                cmd.o
    0x200002fc   0x000000c0   Zero   RW         4554    .bss                uart.o
    0x200003bc   0x00000004   PAD
    0x200003c0   0x00000400   Zero   RW         3865    STACK               startup_stm32f0xx.o


==============================================================================

Image component sizes


      Code (inc. data)   RO Data    RW Data    ZI Data      Debug   Object Name

      2084        102          0          0          0       6032   bsp.o
       232         20          0          0          0       1850   buzzerpwm.o
      1172        186          0        120        384       8660   cmd.o
       174          0          0          0          0       2975   cw2015_i2c.o
       280         40          0          4          0       2487   delay.o
        40         10          0          0          0       6204   flash.o
       490         26          0          0          0       3648   i2c.o
      1628        162          0         16          0       8230   interrupt.o
        12          0          0          0          0     159902   main.o
        30          0          0          0          0        568   memory.o
       390          0          0         14          0       5525   msg.o
        28          8        192          0       1024        616   startup_stm32f0xx.o
       144          4          0          0          0       2537   stm32f0xx_adc.o
       232         32          0          0          0       2795   stm32f0xx_exti.o
        64          8          0          0          0        993   stm32f0xx_flash.o
       232          0          0          0          0       3131   stm32f0xx_gpio.o
       112          6          0          0          0        824   stm32f0xx_misc.o
       108         12          0          0          0       1070   stm32f0xx_pwr.o
      1020        100          0         16          0       9599   stm32f0xx_rcc.o
       842         48          0          0          0       6534   stm32f0xx_rtc.o
        64          4          0          0          0        588   stm32f0xx_syscfg.o
       796        126          0          0          0       6128   stm32f0xx_tim.o
       486         10          0          0          0       6082   stm32f0xx_usart.o
        22          0          0          0          0        438   stm32f0xx_wwdg.o
         0          0          0          1        132       1350   sys_info.o
       356         22          0          0          0       1357   system_stm32f0xx.o
      2814        340          0         46         12      16463   systemwork.o
       280         52          0         16        192       3316   uart.o

    ----------------------------------------------------------------------
     14154       1318        224        236       1748     269902   Object Totals
         0          0         32          0          0          0   (incl. Generated)
        22          0          0          3          4          0   (incl. Padding)

    ----------------------------------------------------------------------

      Code (inc. data)   RO Data    RW Data    ZI Data      Debug   Library Member Name

         0          0          0          0          0          0   entry.o
         0          0          0          0          0          0   entry10a.o
         0          0          0          0          0          0   entry11a.o
         8          4          0          0          0          0   entry2.o
         4          0          0          0          0          0   entry5.o
         0          0          0          0          0          0   entry7b.o
         0          0          0          0          0          0   entry8b.o
         8          4          0          0          0          0   entry9a.o
        30          0          0          0          0          0   handlers.o
        36          8          0          0          0         68   init.o
        44          0          0          0          0         72   uidiv.o

    ----------------------------------------------------------------------
       130         16          0          0          0        140   Library Totals
         0          0          0          0          0          0   (incl. Padding)

    ----------------------------------------------------------------------

      Code (inc. data)   RO Data    RW Data    ZI Data      Debug   Library Name

       130         16          0          0          0        140   mc_p.l

    ----------------------------------------------------------------------
       130         16          0          0          0        140   Library Totals

    ----------------------------------------------------------------------

==============================================================================


      Code (inc. data)   RO Data    RW Data    ZI Data      Debug   

     14284       1334        224        236       1748     263330   Grand Totals
     14284       1334        224        236       1748     263330   ELF Image Totals
     14284       1334        224        236          0          0   ROM Totals

==============================================================================

    Total RO  Size (Code + RO Data)                14508 (  14.17kB)
    Total RW  Size (RW Data + ZI Data)              1984 (   1.94kB)
    Total ROM Size (Code + RO Data + RW Data)      14744 (  14.40kB)

==============================================================================

